
> phase-rs-client@0.103.0 lint /home/lgray/vibe-coding/dandan-run/wt-complete/client
> eslint .


/home/lgray/vibe-coding/dandan-run/wt-complete/client/coverage/lcov-report/block-navigation.js
  1:1  warning  Unused eslint-disable directive (no problems were reported)

/home/lgray/vibe-coding/dandan-run/wt-complete/client/coverage/lcov-report/prettify.js
  1:1  warning  Unused eslint-disable directive (no problems were reported)

/home/lgray/vibe-coding/dandan-run/wt-complete/client/coverage/lcov-report/sorter.js
  1:1  warning  Unused eslint-disable directive (no problems were reported)

/home/lgray/vibe-coding/dandan-run/wt-complete/client/src/components/ErrorBoundary.tsx
  12:10  warning  Fast refresh only works when a file only exports components. Move your component(s) to a separate file  react-refresh/only-export-components

/home/lgray/vibe-coding/dandan-run/wt-complete/client/src/components/animation/ResolvedAnimationImage.tsx
  20:17  warning  Fast refresh only works when a file only exports components. Use a new file to share constants or functions between components  react-refresh/only-export-components

/home/lgray/vibe-coding/dandan-run/wt-complete/client/src/components/animation/cardVfx/CardVfxLayer.tsx
   68:17  warning  Fast refresh only works when a file only exports components. Use a new file to share constants or functions between components  react-refresh/only-export-components
  950:17  warning  Fast refresh only works when a file only exports components. Use a new file to share constants or functions between components  react-refresh/only-export-components

/home/lgray/vibe-coding/dandan-run/wt-complete/client/src/components/board/BattlefieldBackground.tsx
  22:17  warning  Fast refresh only works when a file only exports components. Use a new file to share constants or functions between components  react-refresh/only-export-components

/home/lgray/vibe-coding/dandan-run/wt-complete/client/src/components/board/GroupedPermanent.tsx
  187:6  warning  React Hook useMemo has an unnecessary dependency: 'blockerAssignments'. Either exclude it or remove the dependency array  react-hooks/exhaustive-deps

/home/lgray/vibe-coding/dandan-run/wt-complete/client/src/components/chrome/ShellContext.tsx
  54:17  warning  Fast refresh only works when a file only exports components. Use a new file to share constants or functions between components  react-refresh/only-export-components
  58:17  warning  Fast refresh only works when a file only exports components. Use a new file to share constants or functions between components  react-refresh/only-export-components

/home/lgray/vibe-coding/dandan-run/wt-complete/client/src/components/chrome/navItems.tsx
  46:17  warning  Fast refresh only works when a file only exports components. Use a new file to share constants or functions between components  react-refresh/only-export-components
  53:17  warning  Fast refresh only works when a file only exports components. Use a new file to share constants or functions between components  react-refresh/only-export-components

/home/lgray/vibe-coding/dandan-run/wt-complete/client/src/components/chrome/socialLinks.tsx
  19:10  warning  Fast refresh only works when a file only exports components. Move your component(s) to a separate file  react-refresh/only-export-components
  27:10  warning  Fast refresh only works when a file only exports components. Move your component(s) to a separate file  react-refresh/only-export-components
  35:10  warning  Fast refresh only works when a file only exports components. Move your component(s) to a separate file  react-refresh/only-export-components
  43:10  warning  Fast refresh only works when a file only exports components. Move your component(s) to a separate file  react-refresh/only-export-components

/home/lgray/vibe-coding/dandan-run/wt-complete/client/src/components/controls/PhaseStopBar.tsx
   12:14  warning  Fast refresh only works when a file only exports components. Use a new file to share constants or functions between components  react-refresh/only-export-components
  105:14  warning  Fast refresh only works when a file only exports components. Use a new file to share constants or functions between components  react-refresh/only-export-components
  134:14  warning  Fast refresh only works when a file only exports components. Use a new file to share constants or functions between components  react-refresh/only-export-components
  164:17  warning  Fast refresh only works when a file only exports components. Use a new file to share constants or functions between components  react-refresh/only-export-components

/home/lgray/vibe-coding/dandan-run/wt-complete/client/src/components/draft/CubeSetupPanel.tsx
  18:14  warning  Fast refresh only works when a file only exports components. Use a new file to share constants or functions between components  react-refresh/only-export-components

/home/lgray/vibe-coding/dandan-run/wt-complete/client/src/components/draft/HostControls.tsx
  20:17  warning  Fast refresh only works when a file only exports components. Use a new file to share constants or functions between components  react-refresh/only-export-components

/home/lgray/vibe-coding/dandan-run/wt-complete/client/src/components/draft/LimitedDeckBuilder.tsx
  476:6  warning  React Hook useEffect has missing dependencies: 'draftSetCodes' and 'selectedFormat'. Either include them or remove the dependency array  react-hooks/exhaustive-deps

/home/lgray/vibe-coding/dandan-run/wt-complete/client/src/components/draft/PackDisplay.tsx
  534:9  warning  The 'pack' logical expression could make the dependencies of useEffect Hook (at line 571) change on every render. To fix this, wrap the initialization of 'pack' in its own useMemo() Hook                  react-hooks/exhaustive-deps
  535:9  warning  The 'draftEffects' logical expression could make the dependencies of useEffect Hook (at line 577) change on every render. To fix this, wrap the initialization of 'draftEffects' in its own useMemo() Hook  react-hooks/exhaustive-deps

/home/lgray/vibe-coding/dandan-run/wt-complete/client/src/components/draft/workspace/DraftWorkspace.tsx
   70:17  warning  Fast refresh only works when a file only exports components. Use a new file to share constants or functions between components  react-refresh/only-export-components
  350:6   warning  React Hook useLayoutEffect has a missing dependency: 'workspaceProjection'. Either include it or remove the dependency array    react-hooks/exhaustive-deps

/home/lgray/vibe-coding/dandan-run/wt-complete/client/src/components/draft/workspace/useDraftWorkspaceDrag.ts
  1115:7  warning  React Hook useMemo has a missing dependency: 'markWorkspaceProjectionDestinationReady'. Either include it or remove the dependency array  react-hooks/exhaustive-deps

/home/lgray/vibe-coding/dandan-run/wt-complete/client/src/components/hud/HudBadges.tsx
  477:14  warning  Fast refresh only works when a file only exports components. Use a new file to share constants or functions between components  react-refresh/only-export-components
  504:14  warning  Fast refresh only works when a file only exports components. Use a new file to share constants or functions between components  react-refresh/only-export-components
  524:14  warning  Fast refresh only works when a file only exports components. Use a new file to share constants or functions between components  react-refresh/only-export-components

/home/lgray/vibe-coding/dandan-run/wt-complete/client/src/components/icons/ManaFontIcon.tsx
  59:17  warning  Fast refresh only works when a file only exports components. Use a new file to share constants or functions between components  react-refresh/only-export-components

/home/lgray/vibe-coding/dandan-run/wt-complete/client/src/components/lobby/HostSetup.tsx
  300:17  warning  Fast refresh only works when a file only exports components. Use a new file to share constants or functions between components  react-refresh/only-export-components
  322:17  warning  Fast refresh only works when a file only exports components. Use a new file to share constants or functions between components  react-refresh/only-export-components

/home/lgray/vibe-coding/dandan-run/wt-complete/client/src/components/mana/AmountInput.tsx
  20:17  warning  Fast refresh only works when a file only exports components. Use a new file to share constants or functions between components  react-refresh/only-export-components

/home/lgray/vibe-coding/dandan-run/wt-complete/client/src/components/mana/RichLabel.tsx
  21:17  warning  Fast refresh only works when a file only exports components. Use a new file to share constants or functions between components  react-refresh/only-export-components

/home/lgray/vibe-coding/dandan-run/wt-complete/client/src/components/menu/AiOpponentConfig.tsx
  375:5  warning  React Hook useMemo has a missing dependency: 'formatDeckLabel'. Either include it or remove the dependency array  react-hooks/exhaustive-deps

/home/lgray/vibe-coding/dandan-run/wt-complete/client/src/components/modal/BoosterPackModal.tsx
  33:17  warning  Fast refresh only works when a file only exports components. Use a new file to share constants or functions between components  react-refresh/only-export-components

/home/lgray/vibe-coding/dandan-run/wt-complete/client/src/components/modal/DialogHost.tsx
   61:17  warning  Fast refresh only works when a file only exports components. Use a new file to share constants or functions between components  react-refresh/only-export-components
  285:17  warning  Fast refresh only works when a file only exports components. Use a new file to share constants or functions between components  react-refresh/only-export-components

/home/lgray/vibe-coding/dandan-run/wt-complete/client/src/components/modal/ReplacementModal.tsx
  78:5  warning  Unused eslint-disable directive (no problems were reported from 'react-hooks/exhaustive-deps')
  81:6  warning  React Hook useEffect has a missing dependency: 'candidateCount'. Either include it or remove the dependency array  react-hooks/exhaustive-deps

/home/lgray/vibe-coding/dandan-run/wt-complete/client/src/components/modal/cardChoice/shared.tsx
   27:17  warning  Fast refresh only works when a file only exports components. Use a new file to share constants or functions between components  react-refresh/only-export-components
   69:17  warning  Fast refresh only works when a file only exports components. Use a new file to share constants or functions between components  react-refresh/only-export-components
   95:17  warning  Fast refresh only works when a file only exports components. Use a new file to share constants or functions between components  react-refresh/only-export-components
  113:14  warning  Fast refresh only works when a file only exports components. Use a new file to share constants or functions between components  react-refresh/only-export-components
  159:14  warning  Fast refresh only works when a file only exports components. Use a new file to share constants or functions between components  react-refresh/only-export-components
  170:14  warning  Fast refresh only works when a file only exports components. Use a new file to share constants or functions between components  react-refresh/only-export-components

/home/lgray/vibe-coding/dandan-run/wt-complete/client/src/components/settings/visual-packs/useVisualPackManager.ts
  769:6  warning  React Hook useCallback has an unnecessary dependency: 'staleCuratedSelectorRetry'. Either exclude it or remove the dependency array      react-hooks/exhaustive-deps
  786:6  warning  React Hook useCallback has an unnecessary dependency: 'staleDeckLibrarySelectorRetry'. Either exclude it or remove the dependency array  react-hooks/exhaustive-deps

/home/lgray/vibe-coding/dandan-run/wt-complete/client/src/components/targeting/TargetingOverlay.tsx
  107:14  warning  Fast refresh only works when a file only exports components. Use a new file to share constants or functions between components  react-refresh/only-export-components

/home/lgray/vibe-coding/dandan-run/wt-complete/client/src/components/zone/ZoneViewer.tsx
  87:6  warning  React Hook useMemo has an unnecessary dependency: 'playerId'. Either exclude it or remove the dependency array  react-hooks/exhaustive-deps

/home/lgray/vibe-coding/dandan-run/wt-complete/client/src/hooks/useCardImage.ts
  1189:6  warning  React Hook useEffect has missing dependencies: 'filterKeywords' and 'presentationKey'. Either include them or remove the dependency array  react-hooks/exhaustive-deps

/home/lgray/vibe-coding/dandan-run/wt-complete/client/src/pages/GamePage.tsx
  3191:17  warning  Fast refresh only works when a file only exports components. Use a new file to share constants or functions between components  react-refresh/only-export-components
  3296:17  warning  Fast refresh only works when a file only exports components. Use a new file to share constants or functions between components  react-refresh/only-export-components

/home/lgray/vibe-coding/dandan-run/wt-complete/client/src/pages/MultiplayerPage.tsx
   777:5  warning  React Hook useCallback has a missing dependency: 'setView'. Either include it or remove the dependency array. If 'setView' changes too often, find the parent component that defines it and wrap that definition in useCallback  react-hooks/exhaustive-deps
   794:5  warning  React Hook useCallback has a missing dependency: 'setView'. Either include it or remove the dependency array. If 'setView' changes too often, find the parent component that defines it and wrap that definition in useCallback  react-hooks/exhaustive-deps
   870:5  warning  React Hook useCallback has a missing dependency: 'pendingLobbyJoins'. Either include it or remove the dependency array                                                                                                           react-hooks/exhaustive-deps
  1023:5  warning  React Hook useCallback has a missing dependency: 'setView'. Either include it or remove the dependency array. If 'setView' changes too often, find the parent component that defines it and wrap that definition in useCallback  react-hooks/exhaustive-deps

/home/lgray/vibe-coding/dandan-run/wt-complete/client/src/providers/GameProvider.tsx
  113:17  warning  Fast refresh only works when a file only exports components. Use a new file to share constants or functions between components  react-refresh/only-export-components

✖ 61 problems (0 errors, 61 warnings)
  0 errors and 4 warnings potentially fixable with the `--fix` option.

