    Blocking waiting for file lock on build directory
    Checking phase-engine v0.101.0 (/home/lgray/vibe-coding/dandan-run/wt-dandan/crates/engine)
error[E0603]: function `move_object` is private
   --> crates/engine/tests/integration/dandan_shared_pile_storage.rs:747:20
    |
747 |     zone_pipeline::move_object(runner.state_mut(), request, &mut Vec::new());
    |                    ^^^^^^^^^^^ private function
    |
note: the function `move_object` is defined here
   --> crates/engine/src/game/zone_pipeline.rs:732:1
    |
732 | / pub(crate) fn move_object(
733 | |     state: &mut GameState,
734 | |     req: ZoneMoveRequest,
735 | |     events: &mut Vec<GameEvent>,
736 | | ) -> ZoneMoveResult {
    | |___________________^

error[E0308]: mismatched types
     --> crates/engine/src/game/engine_resolution_choices.rs:13844:28
      |
13844 |                     CardId(100 + i),
      |                     ------ ^^^^^^^ expected `u64`, found `u32`
      |                     |
      |                     arguments to this struct are incorrect
      |
note: tuple struct defined here
     --> crates/engine/src/types/identifiers.rs:8:12
      |
    8 | pub struct CardId(pub u64);
      |            ^^^^^^
help: you can convert a `u32` to a `u64`
      |
13844 |                     CardId((100 + i).into()),
      |                            +       ++++++++

error[E0308]: mismatched types
     --> crates/engine/src/game/engine_resolution_choices.rs:13863:28
      |
13863 |                     CardId(100 + i),
      |                     ------ ^^^^^^^ expected `u64`, found `u32`
      |                     |
      |                     arguments to this struct are incorrect
      |
note: tuple struct defined here
     --> crates/engine/src/types/identifiers.rs:8:12
      |
    8 | pub struct CardId(pub u64);
      |            ^^^^^^
help: you can convert a `u32` to a `u64`
      |
13863 |                     CardId((100 + i).into()),
      |                            +       ++++++++

error[E0308]: mismatched types
     --> crates/engine/src/game/engine_resolution_choices.rs:13877:20
      |
13877 |             CardId(200 + n),
      |             ------ ^^^^^^^ expected `u64`, found `u32`
      |             |
      |             arguments to this struct are incorrect
      |
note: tuple struct defined here
     --> crates/engine/src/types/identifiers.rs:8:12
      |
    8 | pub struct CardId(pub u64);
      |            ^^^^^^
help: you can convert a `u32` to a `u64`
      |
13877 |             CardId((200 + n).into()),
      |                    +       ++++++++

For more information about this error, try `rustc --explain E0603`.
error: could not compile `phase-engine` (test "integration") due to 1 previous error
warning: build failed, waiting for other jobs to finish...
For more information about this error, try `rustc --explain E0308`.
error: could not compile `phase-engine` (lib test) due to 3 previous errors
done rc=101
