    Checking serde_core v1.0.228
    Checking getrandom v0.3.4
    Checking memchr v2.8.0
    Checking proc-macro2 v1.0.106
    Checking tracing-core v0.1.36
    Checking strum v0.27.2
    Checking thiserror v2.0.18
   Compiling phase-engine v0.101.0 (/home/lgray/vibe-coding/dandan-run/wt-dandan/crates/engine)
    Checking rand_core v0.9.5
    Checking rand_chacha v0.9.0
    Checking tracing v0.1.44
    Checking quote v1.0.45
    Checking nom v8.0.0
    Checking rand v0.9.4
    Checking syn v2.0.117
    Checking serde v1.0.228
    Checking indexmap v2.14.0
    Checking serde_ignored v0.1.14
    Checking serde_json v1.0.149
    Checking serde_spanned v0.6.9
    Checking toml_datetime v0.6.11
    Checking im v15.1.0
    Checking smallvec v1.15.1
    Checking insta v1.47.2
    Checking petgraph v0.6.5
    Checking toml_edit v0.22.27
    Checking toml v0.8.23
warning: unused imports: `GameRunner` and `GameScenario`
  --> crates/engine/tests/integration/dandan_shared_pile_storage.rs:12:30
   |
12 | use engine::game::scenario::{GameRunner, GameScenario, P0, P1};
   |                              ^^^^^^^^^^  ^^^^^^^^^^^^
   |
   = note: `#[warn(unused_imports)]` (part of `#[warn(unused)]`) on by default

warning: unused import: `engine::game::scenario_db::GameScenarioDbExt`
  --> crates/engine/tests/integration/dandan_shared_pile_storage.rs:13:5
   |
13 | use engine::game::scenario_db::GameScenarioDbExt;
   |     ^^^^^^^^^^^^^^^^^^^^^^^^^^^^^^^^^^^^^^^^^^^^

warning: unused import: `engine::types::player::PlayerId`
  --> crates/engine/tests/integration/dandan_shared_pile_storage.rs:17:5
   |
17 | use engine::types::player::PlayerId;
   |     ^^^^^^^^^^^^^^^^^^^^^^^^^^^^^^^

error[E0308]: mismatched types
   --> crates/engine/tests/integration/dandan_shared_pile_storage.rs:162:31
    |
162 |         DeckSizeRule::Exactly(names.len() as u32)
    |         --------------------- ^^^^^^^^^^^^^^^^^^ expected `u16`, found `u32`
    |         |
    |         arguments to this enum variant are incorrect
    |
note: tuple variant defined here
   --> crates/engine/src/types/format.rs:387:5
    |
387 |     Exactly(u16),
    |     ^^^^^^^
help: you can convert a `u32` to a `u16` and panic if the converted value doesn't fit
    |
162 |         DeckSizeRule::Exactly((names.len() as u32).try_into().unwrap())
    |                               +                  +++++++++++++++++++++

For more information about this error, try `rustc --explain E0308`.
warning: `phase-engine` (test "integration") generated 3 warnings
error: could not compile `phase-engine` (test "integration") due to 1 previous error; 3 warnings emitted
warning: build failed, waiting for other jobs to finish...
done rc=101
