   Compiling phase-engine v0.101.0 (/home/lgray/vibe-coding/dandan-run/wt-dandan/crates/engine)
    Finished `test` profile [unoptimized + debuginfo] target(s) in 1m 58s
────────────
 Nextest run ID 2c9cafac-c945-4340-a97b-8ada12aadab2 with nextest profile: default
    Starting 20 tests across 1 binary (9236 tests skipped)
        PASS [   0.055s] ( 1/20) phase-engine::integration dandan_shared_pile_storage::v14_wasm_boot_guard_reads_the_library_accessor
        PASS [   0.058s] ( 2/20) phase-engine::integration dandan_shared_pile_storage::shuffling_the_empty_seat_consumes_no_entropy
        PASS [  33.258s] ( 3/20) phase-engine::integration dandan_shared_pile_storage::v1_boot_loads_one_pile_into_the_canonical_seat
        PASS [  36.875s] ( 4/20) phase-engine::integration dandan_shared_pile_storage::v15_library_placement_by_the_zone_pipeline_targets_the_pile
        PASS [  39.289s] ( 5/20) phase-engine::integration dandan_shared_pile_storage::v1_non_shared_formats_keep_per_seat_libraries
        PASS [  39.433s] ( 6/20) phase-engine::integration dandan_shared_pile_storage::v10_pool_resolver_maps_both_seats_to_the_pile_holder
        PASS [  39.849s] ( 7/20) phase-engine::integration dandan_shared_pile_storage::v3_mulligan_by_either_seat_shuffles_the_pile
        PASS [  39.976s] ( 8/20) phase-engine::integration dandan_shared_pile_storage::v5_v6_standard_format_cycles_in_the_owners_own_zones
        PASS [  40.685s] ( 9/20) phase-engine::integration dandan_shared_pile_storage::v15_dig_choice_reorders_the_pile_for_the_non_canonical_seat
        PASS [  42.196s] (10/20) phase-engine::integration dandan_shared_pile_storage::v1_pile_stays_in_the_lowest_seat_when_another_seat_starts
        PASS [  42.296s] (11/20) phase-engine::integration dandan_shared_pile_storage::v5_v6_either_seat_cycles_from_and_into_the_shared_zones
        PASS [  42.680s] (12/20) phase-engine::integration dandan_shared_pile_storage::v8_zone_change_commands_record_and_replay_pile_positions
        PASS [  43.042s] (13/20) phase-engine::integration dandan_shared_pile_storage::v4_opening_deal_draws_both_hands_from_the_pile
        PASS [  43.095s] (14/20) phase-engine::integration dandan_shared_pile_storage::v15_scry_choice_reorders_the_pile_for_the_non_canonical_seat
        PASS [  43.193s] (15/20) phase-engine::integration dandan_shared_pile_storage::v15_surveil_keeps_cards_on_top_of_the_pile_for_the_non_canonical_seat
        PASS [  43.202s] (16/20) phase-engine::integration dandan_shared_pile_storage::v8_library_shuffle_acts_on_the_pile_and_replays
        PASS [  44.085s] (17/20) phase-engine::integration dandan_shared_pile_storage::v7_conjure_into_the_library_lands_in_the_pile_only
        PASS [  44.845s] (18/20) phase-engine::integration dandan_shared_pile_storage::v2_fixed_list_resolves_against_the_real_database
        PASS [  19.607s] (19/20) phase-engine::integration dandan_shared_pile_storage::v9_library_boundary_by_either_seat_forgets_the_looked_at_pile
        PASS [  17.080s] (20/20) phase-engine::integration dandan_shared_pile_storage::v9_standard_shuffle_keeps_the_other_players_library_knowledge
────────────
     Summary [  53.966s] 20 tests run: 20 passed, 9236 skipped
   Compiling phase-engine v0.101.0 (/home/lgray/vibe-coding/dandan-run/wt-dandan/crates/engine)
    Finished `test` profile [unoptimized + debuginfo] target(s) in 1m 54s
────────────
 Nextest run ID 39629893-5a26-4db3-bcef-17e8545eafb9 with nextest profile: default
    Starting 5 tests across 1 binary (23140 tests skipped)
        PASS [   0.017s] (1/5) phase-engine game::engine_resolution_choices::tests::nth_from_top_pair_reads_the_shared_pile_not_the_empty_seat
        PASS [   0.017s] (2/5) phase-engine game::engine_resolution_choices::tests::library_origin_reposition_sees_one_pile_across_owners
        PASS [   0.019s] (3/5) phase-engine types::game_state::shared_zone_storage_tests::storage_seat_resolves_only_the_shared_zones
        PASS [   0.019s] (4/5) phase-engine game::engine_resolution_choices::tests::mixed_owner_top_batch_is_one_pass_over_the_shared_pile
        PASS [   0.020s] (5/5) phase-engine types::game_state::shared_zone_storage_tests::library_stamp_names_the_storage_seat
────────────
     Summary [   0.038s] 5 tests run: 5 passed, 23140 skipped
done rc=0
