cargo-isolate: CARGO_HOME=/home/lgray/vibe-coding/.cargo-homes/wt-dandan
   Compiling proc-macro2 v1.0.106
   Compiling quote v1.0.45
   Compiling unicode-ident v1.0.24
   Compiling serde_core v1.0.228
   Compiling version_check v0.9.5
   Compiling serde v1.0.228
   Compiling zmij v1.0.21
   Compiling typenum v1.20.0
   Compiling cfg-if v1.0.4
   Compiling libc v0.2.186
   Compiling memchr v2.8.0
   Compiling equivalent v1.0.2
   Compiling once_cell v1.21.4
   Compiling getrandom v0.3.4
   Compiling zerocopy v0.8.48
   Compiling hashbrown v0.17.1
   Compiling find-msvc-tools v0.1.9
   Compiling tracing-core v0.1.36
   Compiling serde_json v1.0.149
   Compiling winnow v0.7.15
   Compiling toml_write v0.1.2
   Compiling shlex v1.3.0
   Compiling cc v1.2.62
   Compiling log v0.4.29
   Compiling generic-array v0.14.7
   Compiling itoa v1.0.18
   Compiling im v15.1.0
   Compiling regex-syntax v0.8.10
   Compiling heck v0.5.0
   Compiling pin-project-lite v0.2.17
   Compiling thiserror v2.0.18
   Compiling indexmap v2.14.0
   Compiling syn v2.0.117
   Compiling bitmaps v2.1.0
   Compiling rand_core v0.6.4
   Compiling rand_xoshiro v0.6.0
   Compiling lazy_static v1.5.0
   Compiling cpufeatures v0.2.17
   Compiling fixedbitset v0.4.2
   Compiling sharded-slab v0.1.7
   Compiling tracing-log v0.2.0
   Compiling aho-corasick v1.1.4
   Compiling crypto-common v0.1.7
   Compiling block-buffer v0.10.4
   Compiling nom v8.0.0
   Compiling digest v0.10.7
   Compiling thread_local v1.1.9
   Compiling rand_core v0.9.5
   Compiling sha2 v0.10.9
   Compiling nu-ansi-term v0.50.3
   Compiling rustc-hash v2.1.2
   Compiling web-time v1.1.0
   Compiling sized-chunks v0.6.5
   Compiling libmimalloc-sys v0.1.49
   Compiling serde_ignored v0.1.14
   Compiling toml_datetime v0.6.11
   Compiling serde_spanned v0.6.9
   Compiling toml_edit v0.22.27
   Compiling regex-automata v0.4.14
   Compiling ppv-lite86 v0.2.21
   Compiling petgraph v0.6.5
   Compiling rand_chacha v0.9.0
   Compiling toml v0.8.23
   Compiling rand v0.9.4
   Compiling phase-engine v0.103.0 (/home/lgray/vibe-coding/dandan-run/wt-dandan/crates/engine)
   Compiling serde_derive v1.0.228
   Compiling tracing-attributes v0.1.31
   Compiling strum_macros v0.27.2
   Compiling thiserror-impl v2.0.18
   Compiling tracing v0.1.44
   Compiling strum v0.27.2
   Compiling smallvec v1.15.1
   Compiling tracing-serde v0.2.0
   Compiling mimalloc v0.1.52
   Compiling matchers v0.2.0
   Compiling tracing-subscriber v0.3.23
   Compiling phase-ai v0.103.0 (/home/lgray/vibe-coding/dandan-run/wt-dandan/crates/phase-ai)
    Finished `server-release` profile [optimized] target(s) in 31m 21s
     Running `/home/lgray/vibe-coding/dandan-run/target-dandan/server-release/ai-gate --games 10 --seed 10573729 --difficulty medium`
12:05:05 [red-mirror] game 1/10 seed=10579729 start
12:05:05 [red-mirror] game 2/10 seed=10579730 start
12:05:05 [red-mirror] game 3/10 seed=10579731 start
12:05:05 [red-mirror] game 5/10 seed=10579733 start
12:05:05 [red-mirror] game 4/10 seed=10579732 start
12:05:05 [red-mirror] game 6/10 seed=10579734 start
12:05:05 [red-mirror] game 7/10 seed=10579735 start
12:05:05 [red-mirror] game 8/10 seed=10579736 start
12:05:05 [red-mirror] game 9/10 seed=10579737 start
12:05:05 [red-mirror] game 10/10 seed=10579738 start
12:05:05 [affinity-mirror] game 1/10 seed=10592729 start
12:05:05 [affinity-mirror] game 2/10 seed=10592730 start
12:05:05 [affinity-mirror] game 4/10 seed=10592732 start
12:05:05 [affinity-mirror] game 6/10 seed=10592734 start
12:05:05 [affinity-mirror] game 3/10 seed=10592731 start
12:05:05 [affinity-mirror] game 5/10 seed=10592733 start
12:06:26 [red-mirror] game 7/10 seed=10579735 done winner=p1 turns=15 80980ms
12:06:26 [affinity-mirror] game 7/10 seed=10592735 start
12:06:29 [red-mirror] game 6/10 seed=10579734 done winner=p0 turns=10 83900ms
12:06:29 [affinity-mirror] game 8/10 seed=10592736 start
12:06:32 [red-mirror] game 5/10 seed=10579733 done winner=p1 turns=11 86520ms
12:06:32 [affinity-mirror] game 9/10 seed=10592737 start
12:06:32 [red-mirror] game 8/10 seed=10579736 done winner=p0 turns=10 86690ms
12:06:32 [affinity-mirror] game 10/10 seed=10592738 start
12:06:41 [red-mirror] game 10/10 seed=10579738 done winner=p1 turns=12 95850ms
12:06:41 [enchantress-mirror] game 1/10 seed=10593729 start
12:07:13 [red-mirror] game 2/10 seed=10579730 done winner=p1 turns=10 127648ms
12:07:13 [enchantress-mirror] game 2/10 seed=10593730 start
12:07:33 [red-mirror] game 9/10 seed=10579737 done winner=p0 turns=19 148194ms
12:07:33 [enchantress-mirror] game 3/10 seed=10593731 start
12:08:17 [affinity-mirror] game 8/10 seed=10592736 done winner=p1 turns=13 108015ms
12:08:17 [enchantress-mirror] game 4/10 seed=10593732 start
12:09:15 [affinity-mirror] game 2/10 seed=10592730 done winner=p1 turns=12 249853ms
12:09:15 [enchantress-mirror] game 5/10 seed=10593733 start
12:10:48 [red-mirror] game 3/10 seed=10579731 done winner=p1 turns=16 343066ms
12:10:48 [enchantress-mirror] game 6/10 seed=10593734 start
12:10:49 [red-mirror] game 1/10 seed=10579729 done winner=p1 turns=18 343490ms
12:10:49 [enchantress-mirror] game 7/10 seed=10593735 start
12:10:49 [red-mirror] game 4/10 seed=10579732 done winner=p0 turns=16 344286ms
12:10:49 [enchantress-mirror] game 8/10 seed=10593736 start
12:11:06 [affinity-mirror] game 3/10 seed=10592731 done winner=p0 turns=12 361048ms
12:11:06 [enchantress-mirror] game 9/10 seed=10593737 start
12:11:59 [affinity-mirror] game 9/10 seed=10592737 done winner=p1 turns=13 327569ms
12:11:59 [enchantress-mirror] game 10/10 seed=10593738 start
12:13:10 [affinity-mirror] game 1/10 seed=10592729 done winner=p0 turns=14 485176ms
12:13:22 [enchantress-mirror] game 1/10 seed=10593729 done winner=p1 turns=12 401119ms
12:13:39 [enchantress-mirror] game 3/10 seed=10593731 done winner=p1 turns=12 365845ms
12:13:56 [enchantress-mirror] game 4/10 seed=10593732 done winner=p1 turns=16 338597ms
12:15:06 [affinity-mirror] game 7/10 seed=10592735 done winner=p1 turns=14 519691ms
12:15:12 [enchantress-mirror] game 10/10 seed=10593738 done winner=p0 turns=11 192827ms
12:15:27 [enchantress-mirror] game 2/10 seed=10593730 done winner=p1 turns=15 494406ms
12:16:37 [enchantress-mirror] game 8/10 seed=10593736 done winner=p1 turns=15 347597ms
12:17:15 [affinity-mirror] game 6/10 seed=10592734 done winner=p0 turns=14 729715ms
12:17:27 [affinity-mirror] game 5/10 seed=10592733 done winner=p0 turns=14 741589ms
12:17:55 [enchantress-mirror] game 6/10 seed=10593734 done winner=p1 turns=14 427102ms
12:18:25 [affinity-mirror] game 4/10 seed=10592732 done winner=p0 turns=14 799692ms
12:19:59 [enchantress-mirror] game 7/10 seed=10593735 done winner=p0 turns=15 550596ms
12:20:00 [affinity-mirror] game 10/10 seed=10592738 done winner=p0 turns=14 807668ms
12:20:06 [enchantress-mirror] game 5/10 seed=10593733 done winner=p0 turns=14 651382ms
12:22:31 [enchantress-mirror] game 9/10 seed=10593737 done winner=p1 turns=22 684842ms
[ 1/3] red-mirror  done (games: 10)
       PASS  p0=  4/10 (40%)  turns=13.7
[ 2/3] affinity-mirror  done (games: 10)
       PASS  p0=  6/10 (60%)  turns=13.4
[ 3/3] enchantress-mirror  done (games: 10)
       PASS  p0=  3/10 (30%)  turns=14.6

| matchup | exercises | p0% | avg turns | status |
|---------|-----------|-----|-----------|--------|
| red-mirror | AggroPressure | 40% | 13.7 | PASS |
| affinity-mirror | Artifacts, PlusOneCounters, AggroPressure | 60% | 13.4 | PASS |
| enchantress-mirror | Enchantments | 30% | 14.6 | PASS |

| matchup | exercises | baseline p0% | current p0% | flips W→L | flips L→W | sign p | dec→draw | draw→dec | draw sign p | unpaired base | unpaired cur | Δ avg turns | suite status | status |
|---------|-----------|--------------|-------------|-----------|-----------|--------|----------|----------|-------------|---------------|--------------|-------------|--------------|--------|
| affinity-mirror | Artifacts, PlusOneCounters, AggroPressure | 40% | 60% | 0 | 2 | 0.1250 | 0 | 2 | 0.1250 | 0 | 0 | +2.0 | Pass | WARN |
|  ↳ _paired shift: W→L=0 L→W=2 sign-test p=0.1250_ | | | | | | | | | | | | | | |
| enchantress-mirror | Enchantments | 40% | 30% | 3 | 2 | 0.3438 | 0 | 0 | — | 0 | 0 | +0.0 | Pass | WARN |
|  ↳ _paired shift: W→L=3 L→W=2 sign-test p=0.3438_ | | | | | | | | | | | | | | |
| red-mirror | AggroPressure | 40% | 40% | 0 | 0 | — | 0 | 0 | — | 0 | 0 | -0.2 | Pass | PASS |

compare: 0 FAIL, 2 WARN, 1 PASS, 0 NEW, 0 REMOVED
done rc=0
