   Compiling phase-engine v0.101.0 (/home/lgray/vibe-coding/dandan-run/wt-dandan/crates/engine)
    Finished `test` profile [unoptimized + debuginfo] target(s) in 32.51s
────────────
 Nextest run ID 4c3e93da-9ab7-4d01-85ca-a9aaaa1ef5e4 with nextest profile: default
    Starting 47 tests across 1 binary (9262 tests skipped)
        PASS [   3.357s] ( 1/47) phase-engine::integration dandan_read_sweep::v3_brainstorm_draws_from_and_puts_back_onto_the_pile
        PASS [   3.852s] ( 2/47) phase-engine::integration dandan_read_sweep::v15_clash_reveals_the_top_card_of_a_standard_library
        PASS [   4.717s] ( 3/47) phase-engine::integration dandan_read_sweep::v3_metamorphose_puts_the_target_on_top_of_the_owners_library
        PASS [   4.727s] ( 4/47) phase-engine::integration dandan_read_sweep::v15_clash_reveals_the_pile_top_for_either_seat
        PASS [   6.634s] ( 5/47) phase-engine::integration dandan_read_sweep::v2_mental_note_mills_the_top_two_of_the_pile
        PASS [   7.060s] ( 6/47) phase-engine::integration dandan_read_sweep::v3_accumulated_knowledge_counts_the_shared_graveyard_once
        PASS [   7.531s] ( 7/47) phase-engine::integration dandan_read_sweep::v10_debug_views_and_mill_act_on_the_pile
        PASS [   7.717s] ( 8/47) phase-engine::integration dandan_read_sweep::v4_explore_over_an_empty_pile_adds_a_counter
        PASS [   7.719s] ( 9/47) phase-engine::integration dandan_read_sweep::v4_grave_expectations_heists_the_opponents_pile
        PASS [   3.889s] (10/47) phase-engine::integration dandan_read_sweep::v4_nesting_instinct_seeks_the_land_in_the_pile
        PASS [   7.883s] (11/47) phase-engine::integration dandan_read_sweep::v2_predict_mills_the_pile_for_either_target_and_counts_the_name
        PASS [   5.748s] (12/47) phase-engine::integration dandan_read_sweep::v4_mirelurk_queen_rad_counters_mill_the_pile
        PASS [   4.657s] (13/47) phase-engine::integration dandan_read_sweep::v4_reckless_impulse_exiles_the_pile_top_two
        PASS [   9.596s] (14/47) phase-engine::integration dandan_read_sweep::v3_surgical_bay_draws_from_the_pile_and_is_sacrificed_into_it
        PASS [  10.014s] (15/47) phase-engine::integration dandan_read_sweep::v4_consider_surveils_the_pile_front_into_the_shared_graveyard
        PASS [   5.896s] (16/47) phase-engine::integration dandan_read_sweep::v4_opt_scries_the_pile_front_and_bottoms_it
        PASS [  10.754s] (17/47) phase-engine::integration dandan_read_sweep::v1_telling_time_looks_at_the_pile_top_three_from_either_seat
        PASS [  11.059s] (18/47) phase-engine::integration dandan_read_sweep::v4_fact_or_fiction_reveals_the_pile_front_five
        PASS [  11.156s] (19/47) phase-engine::integration dandan_read_sweep::v4_ethrimik_manifests_dread_from_the_pile_top_two
        PASS [   3.825s] (20/47) phase-engine::integration dandan_read_sweep::v4_thrumming_stone_ripples_the_pile_front_four
        PASS [   5.873s] (21/47) phase-engine::integration dandan_read_sweep::v4_sifter_wurm_reveals_the_pile_top_for_life
        PASS [   5.728s] (22/47) phase-engine::integration dandan_read_sweep::v4_sweet_gum_recluse_cascades_from_the_pile
        PASS [  13.172s] (23/47) phase-engine::integration dandan_read_sweep::v4_merfolk_branchwalker_explores_the_pile_top
        PASS [   3.869s] (24/47) phase-engine::integration dandan_read_sweep::v6_aphemia_exiles_an_enchantment_from_the_pile_graveyard
        PASS [   5.840s] (25/47) phase-engine::integration dandan_read_sweep::v4_treasure_hunt_reveals_the_pile_down_to_the_first_nonland
        PASS [   6.303s] (26/47) phase-engine::integration dandan_read_sweep::v4_trumpeting_carnosaur_discovers_from_the_pile
        PASS [   7.839s] (27/47) phase-engine::integration dandan_read_sweep::v5_doomsday_searches_the_pile_library_and_graveyard
        PASS [   7.377s] (28/47) phase-engine::integration dandan_read_sweep::v5_parker_luck_reveals_the_pile_top_for_each_targeted_seat
        PASS [   6.157s] (29/47) phase-engine::integration dandan_read_sweep::v6_corpseberry_cultivator_forages_from_the_pile_graveyard
        PASS [   9.245s] (30/47) phase-engine::integration dandan_read_sweep::v4_tashas_hideous_laughter_exiles_the_opponents_pile_to_twenty
        PASS [   5.852s] (31/47) phase-engine::integration dandan_read_sweep::v6_organ_grinder_exiles_three_from_the_pile_graveyard
        PASS [   6.513s] (32/47) phase-engine::integration dandan_read_sweep::v6_gruesome_menagerie_chooses_from_the_pile_graveyard
        PASS [   5.866s] (33/47) phase-engine::integration dandan_read_sweep::v7_crucible_of_worlds_plays_a_land_from_the_pile_graveyard
        PASS [   4.624s] (34/47) phase-engine::integration dandan_read_sweep::v8_fblthp_offers_plot_for_a_nonland_pile_top_only
        PASS [   7.313s] (35/47) phase-engine::integration dandan_read_sweep::v6_kylox_voltstrider_collects_evidence_from_the_pile_graveyard
        PASS [   4.884s] (36/47) phase-engine::integration dandan_read_sweep::v8_mul_daya_channelers_reads_the_pile_top_type
        PASS [   6.401s] (37/47) phase-engine::integration dandan_read_sweep::v7_think_twice_flashback_is_offered_from_the_pile_graveyard
        PASS [   9.568s] (38/47) phase-engine::integration dandan_read_sweep::v6_altar_of_the_wretched_crafts_from_the_pile_graveyard
        PASS [   6.244s] (39/47) phase-engine::integration dandan_read_sweep::v8_crown_of_convergence_offers_the_pile_to_bottom
        PASS [   5.183s] (40/47) phase-engine::integration dandan_read_sweep::v8_soul_summons_manifests_the_pile_top_whoever_owns_it
        PASS [   6.133s] (41/47) phase-engine::integration dandan_read_sweep::v8_future_sight_reveals_and_casts_from_the_pile_top
        PASS [   9.726s] (42/47) phase-engine::integration dandan_read_sweep::v6_baron_helmut_zemo_boasts_by_exiling_black_cards_from_the_pile_graveyard
        PASS [   3.386s] (43/47) phase-engine::integration dandan_read_sweep::v9_deep_spawn_pays_its_upkeep_mill_from_the_pile
        PASS [   3.341s] (44/47) phase-engine::integration dandan_read_sweep::v9_manakin_and_millikin_mills_the_pile_to_pay
        PASS [   5.412s] (45/47) phase-engine::integration dandan_read_sweep::v8_sphinx_of_jwar_isle_lets_the_controller_see_the_pile_top
        PASS [   4.893s] (46/47) phase-engine::integration dandan_read_sweep::v9_golgari_thug_dredge_reads_the_pile_size
        PASS [   5.018s] (47/47) phase-engine::integration dandan_read_sweep::v9_eldritch_pact_counts_the_targets_pile_graveyard
────────────
     Summary [  21.794s] 47 tests run: 47 passed, 9262 skipped
done rc=0
