== M-a base predicate (owner == controller)
   Compiling phase-engine v0.103.0 (/home/lgray/vibe-coding/dandan-run/wt-dandan/crates/engine)
warning: unused variable: `library`
  --> crates/engine/src/game/effects/cast_from_zone.rs:47:9
   |
47 |     let library = state.zone_storage_seat(Zone::Library, controller);
   |         ^^^^^^^ help: if this is intentional, prefix it with an underscore: `_library`
   |
   = note: `#[warn(unused_variables)]` (part of `#[warn(unused)]`) on by default

warning: `phase-engine` (lib) generated 1 warning (run `cargo fix --lib -p phase-engine` to apply 1 suggestion)
warning: `phase-engine` (lib test) generated 1 warning (1 duplicate)
    Finished `test` profile [unoptimized + debuginfo] target(s) in 2m 20s
────────────
 Nextest run ID 351ffa3f-7886-4093-9bf7-eff831e78a65 with nextest profile: default
    Starting 5 tests across 8 binaries (33057 tests skipped)
        FAIL [   0.014s] (1/5) phase-engine game::effects::cast_from_zone::tests::looked_at_cards_follow_the_library_the_controller_reads
  stdout ───

    running 1 test
    test game::effects::cast_from_zone::tests::looked_at_cards_follow_the_library_the_controller_reads ... FAILED

    failures:

    failures:
        game::effects::cast_from_zone::tests::looked_at_cards_follow_the_library_the_controller_reads

    test result: FAILED. 0 passed; 1 failed; 0 ignored; 0 measured; 23334 filtered out; finished in 0.00s

  stderr ───

    thread 'game::effects::cast_from_zone::tests::looked_at_cards_follow_the_library_the_controller_reads' (562555) panicked at crates/engine/src/game/effects/cast_from_zone.rs:5155:9:
    assertion `left == right` failed: the shared pile is the controller's library whoever owns a card
      left: 0
     right: 1
    note: run with `RUST_BACKTRACE=1` environment variable to display a backtrace

        FAIL [   2.041s] (2/5) phase-engine::integration dandan_look_top_of_library::dandan_every_looked_at_spell_is_offered_whoever_owns_it
  stdout ───

    running 1 test
    test dandan_look_top_of_library::dandan_every_looked_at_spell_is_offered_whoever_owns_it ... FAILED

    failures:

    failures:
        dandan_look_top_of_library::dandan_every_looked_at_spell_is_offered_whoever_owns_it

    test result: FAILED. 0 passed; 1 failed; 0 ignored; 0 measured; 9636 filtered out; finished in 2.02s

  stderr ───

    thread 'dandan_look_top_of_library::dandan_every_looked_at_spell_is_offered_whoever_owns_it' (562552) panicked at crates/engine/tests/integration/dandan_look_top_of_library.rs:115:5:
    assertion `left == right` failed: P1-owned spells are P0's library cards too
      left: [ObjectId(5)]
     right: [ObjectId(2), ObjectId(4), ObjectId(5)]
    note: run with `RUST_BACKTRACE=1` environment variable to display a backtrace

        PASS [   2.048s] (3/5) phase-engine::integration dandan_look_top_of_library::standard_offers_the_controllers_own_spells_and_leaves_the_opponent_library_alone
        FAIL [   2.057s] (4/5) phase-engine::integration dandan_look_top_of_library::dandan_declining_bottoms_all_four_looked_at_cards
  stdout ───

    running 1 test
    test dandan_look_top_of_library::dandan_declining_bottoms_all_four_looked_at_cards ... FAILED

    failures:

    failures:
        dandan_look_top_of_library::dandan_declining_bottoms_all_four_looked_at_cards

    test result: FAILED. 0 passed; 1 failed; 0 ignored; 0 measured; 9636 filtered out; finished in 2.04s

  stderr ───

    thread 'dandan_look_top_of_library::dandan_declining_bottoms_all_four_looked_at_cards' (562551) panicked at crates/engine/tests/integration/dandan_look_top_of_library.rs:157:5:
    assertion `left == right` failed: all four looked-at cards moved to the bottom
      left: [ObjectId(5), ObjectId(9), ObjectId(10), ObjectId(11)]
     right: [ObjectId(2), ObjectId(3), ObjectId(4), ObjectId(5)]
    note: run with `RUST_BACKTRACE=1` environment variable to display a backtrace

        FAIL [   2.082s] (5/5) phase-engine::integration dandan_look_top_of_library::dandan_casting_an_opponent_owned_hit_bottoms_every_other_looked_at_card
  stdout ───

    running 1 test
    test dandan_look_top_of_library::dandan_casting_an_opponent_owned_hit_bottoms_every_other_looked_at_card ... FAILED

    failures:

    failures:
        dandan_look_top_of_library::dandan_casting_an_opponent_owned_hit_bottoms_every_other_looked_at_card

    test result: FAILED. 0 passed; 1 failed; 0 ignored; 0 measured; 9636 filtered out; finished in 2.07s

  stderr ───

    thread 'dandan_look_top_of_library::dandan_casting_an_opponent_owned_hit_bottoms_every_other_looked_at_card' (562553) panicked at crates/engine/tests/integration/dandan_look_top_of_library.rs:129:10:
    choosing a P1-owned hit must succeed: InvalidAction("Selected card not in eligible set")
    note: run with `RUST_BACKTRACE=1` environment variable to display a backtrace

────────────
     Summary [   2.105s] 5 tests run: 1 passed, 4 failed, 33057 skipped
        FAIL [   0.014s] (1/5) phase-engine game::effects::cast_from_zone::tests::looked_at_cards_follow_the_library_the_controller_reads
        FAIL [   2.041s] (2/5) phase-engine::integration dandan_look_top_of_library::dandan_every_looked_at_spell_is_offered_whoever_owns_it
        FAIL [   2.057s] (4/5) phase-engine::integration dandan_look_top_of_library::dandan_declining_bottoms_all_four_looked_at_cards
        FAIL [   2.082s] (5/5) phase-engine::integration dandan_look_top_of_library::dandan_casting_an_opponent_owned_hit_bottoms_every_other_looked_at_card
error: test run failed
== M-b no owner clause
   Compiling phase-engine v0.103.0 (/home/lgray/vibe-coding/dandan-run/wt-dandan/crates/engine)
    Finished `test` profile [unoptimized + debuginfo] target(s) in 3m 07s
────────────
 Nextest run ID b6672db7-09b0-442e-a49d-fca04490e32e with nextest profile: default
    Starting 5 tests across 8 binaries (33057 tests skipped)
        FAIL [   0.021s] (1/5) phase-engine game::effects::cast_from_zone::tests::looked_at_cards_follow_the_library_the_controller_reads
  stdout ───

    running 1 test
    test game::effects::cast_from_zone::tests::looked_at_cards_follow_the_library_the_controller_reads ... FAILED

    failures:

    failures:
        game::effects::cast_from_zone::tests::looked_at_cards_follow_the_library_the_controller_reads

    test result: FAILED. 0 passed; 1 failed; 0 ignored; 0 measured; 23334 filtered out; finished in 0.00s

  stderr ───

    thread 'game::effects::cast_from_zone::tests::looked_at_cards_follow_the_library_the_controller_reads' (573981) panicked at crates/engine/src/game/effects/cast_from_zone.rs:5150:9:
    another player's library is not the controller's
    note: run with `RUST_BACKTRACE=1` environment variable to display a backtrace

        PASS [   3.132s] (2/5) phase-engine::integration dandan_look_top_of_library::standard_offers_the_controllers_own_spells_and_leaves_the_opponent_library_alone
        PASS [   3.175s] (3/5) phase-engine::integration dandan_look_top_of_library::dandan_casting_an_opponent_owned_hit_bottoms_every_other_looked_at_card
        PASS [   3.217s] (4/5) phase-engine::integration dandan_look_top_of_library::dandan_every_looked_at_spell_is_offered_whoever_owns_it
        PASS [   3.225s] (5/5) phase-engine::integration dandan_look_top_of_library::dandan_declining_bottoms_all_four_looked_at_cards
────────────
     Summary [   3.261s] 5 tests run: 4 passed, 1 failed, 33057 skipped
        FAIL [   0.021s] (1/5) phase-engine game::effects::cast_from_zone::tests::looked_at_cards_follow_the_library_the_controller_reads
error: test run failed
done rc=0
restored
