cargo-isolate: CARGO_HOME=/home/lgray/vibe-coding/.cargo-homes/wt-dandan
   Compiling phase-engine v0.103.0 (/home/lgray/vibe-coding/dandan-run/wt-dandan/crates/engine)
   Compiling phase-ai v0.103.0 (/home/lgray/vibe-coding/dandan-run/wt-dandan/crates/phase-ai)
    Finished `test` profile [unoptimized + debuginfo] target(s) in 1m 38s
────────────
 Nextest run ID d8df55ce-c008-4b66-8420-6acd42fa2c6a with nextest profile: default
    Starting 2 tests across 26 binaries (2891 tests skipped)
        FAIL [   0.023s] (1/2) phase-ai policies::graveyard_types::tests::shared_graveyard_counts_every_owners_types_for_both_seats
  stdout ───

    running 1 test
    test policies::graveyard_types::tests::shared_graveyard_counts_every_owners_types_for_both_seats ... FAILED

    failures:

    failures:
        policies::graveyard_types::tests::shared_graveyard_counts_every_owners_types_for_both_seats

    test result: FAILED. 0 passed; 1 failed; 0 ignored; 0 measured; 2675 filtered out; finished in 0.00s

  stderr ───

    thread 'policies::graveyard_types::tests::shared_graveyard_counts_every_owners_types_for_both_seats' (833743) panicked at crates/phase-ai/src/policies/graveyard_types.rs:219:13:
    assertion `left == right` failed
      left: 1
     right: 2
    note: run with `RUST_BACKTRACE=1` environment variable to display a backtrace

        PASS [   0.031s] (2/2) phase-ai policies::graveyard_types::tests::per_seat_graveyards_count_only_their_own_types
────────────
     Summary [   0.037s] 2 tests run: 1 passed, 1 failed, 2891 skipped
        FAIL [   0.023s] (1/2) phase-ai policies::graveyard_types::tests::shared_graveyard_counts_every_owners_types_for_both_seats
error: test run failed
done
