cargo-isolate: CARGO_HOME=/home/lgray/vibe-coding/.cargo-homes/wt-dandan
   Compiling phase-engine v0.103.0 (/home/lgray/vibe-coding/dandan-run/wt-dandan/crates/engine)
    Finished `test` profile [unoptimized + debuginfo] target(s) in 29.27s
────────────
 Nextest run ID 7314d8ac-d141-4595-ae39-2047a5d9eb55 with nextest profile: default
    Starting 3 tests across 8 binaries (33065 tests skipped)
        PASS [   2.476s] (1/3) phase-engine::integration dandan_look_top_of_library::top_plot::dandan_fblthp_plots_the_pile_top_whoever_owns_it
        FAIL [   2.905s] (2/3) phase-engine::integration dandan_look_top_of_library::top_plot::dandan_plot_is_not_granted_to_the_non_holder_owner
  stdout ───

    running 1 test
    test dandan_look_top_of_library::top_plot::dandan_plot_is_not_granted_to_the_non_holder_owner ... FAILED

    failures:

    failures:
        dandan_look_top_of_library::top_plot::dandan_plot_is_not_granted_to_the_non_holder_owner

    test result: FAILED. 0 passed; 1 failed; 0 ignored; 0 measured; 9642 filtered out; finished in 2.88s

  stderr ───

    thread 'dandan_look_top_of_library::top_plot::dandan_plot_is_not_granted_to_the_non_holder_owner' (848696) panicked at crates/engine/tests/integration/dandan_look_top_of_library.rs:453:9:
    the owner of the pile top cannot plot it without the permission
    note: run with `RUST_BACKTRACE=1` environment variable to display a backtrace

        PASS [   2.907s] (3/3) phase-engine::integration dandan_look_top_of_library::top_plot::standard_plots_only_the_holders_own_library_top
────────────
     Summary [   2.932s] 3 tests run: 2 passed, 1 failed, 33065 skipped
        FAIL [   2.905s] (2/3) phase-engine::integration dandan_look_top_of_library::top_plot::dandan_plot_is_not_granted_to_the_non_holder_owner
error: test run failed
done
