   Compiling serde_core v1.0.228
   Compiling typenum v1.20.0
   Compiling libc v0.2.186
   Compiling cfg-if v1.0.4
   Compiling generic-array v0.14.7
   Compiling serde v1.0.228
   Compiling getrandom v0.3.4
   Compiling indexmap v2.14.0
   Compiling zerocopy v0.8.48
   Compiling toml_datetime v0.6.11
   Compiling serde_spanned v0.6.9
   Compiling rand_core v0.9.5
   Compiling crypto-common v0.1.7
   Compiling block-buffer v0.10.4
   Compiling bitmaps v2.1.0
   Compiling once_cell v1.21.4
   Compiling rand_xoshiro v0.6.0
   Compiling tracing-core v0.1.36
   Compiling ts-rs-macros v12.0.1
   Compiling ppv-lite86 v0.2.21
   Compiling thiserror v2.0.18
   Compiling sized-chunks v0.6.5
   Compiling digest v0.10.7
   Compiling rand_chacha v0.9.0
   Compiling phase-engine v0.97.0 (/home/user/phase/crates/engine)
   Compiling toml_edit v0.22.27
   Compiling fixedbitset v0.4.2
   Compiling cpufeatures v0.2.17
   Compiling pin-project-lite v0.2.17
   Compiling tracing v0.1.44
   Compiling sha2 v0.10.9
   Compiling petgraph v0.6.5
   Compiling toml v0.8.23
   Compiling rand v0.9.4
   Compiling im v15.1.0
   Compiling ts-rs v12.0.1
   Compiling strum v0.27.2
   Compiling smallvec v1.15.1
   Compiling serde_json v1.0.149
   Compiling serde_ignored v0.1.14
   Compiling nom v8.0.0
   Compiling rustc-hash v2.1.2
   Compiling web-time v1.1.0
