   Compiling unicode-ident v1.0.24
   Compiling serde v1.0.228
   Compiling proc-macro2 v1.0.106
   Compiling equivalent v1.0.2
   Compiling quote v1.0.45
   Compiling syn v2.0.117
   Compiling hashbrown v0.17.1
   Compiling indexmap v2.14.0
   Compiling toml_datetime v0.6.11
   Compiling serde_spanned v0.6.9
   Compiling winnow v0.7.15
   Compiling toml_write v0.1.2
   Compiling toml_edit v0.22.27
   Compiling serde_derive v1.0.228
    Checking tracing-core v0.1.36
   Compiling zmij v1.0.21
   Compiling itoa v1.0.18
   Compiling memchr v2.8.0
   Compiling serde_json v1.0.149
   Compiling toml v0.8.23
   Compiling tracing-attributes v0.1.31
    Checking tracing v0.1.44
   Compiling strum_macros v0.27.2
   Compiling phase-engine v0.97.0 (/home/user/phase/crates/engine)
    Checking smallvec v1.15.1
   Compiling thiserror-impl v2.0.18
    Checking strum v0.27.2
    Checking thiserror v2.0.18
    Checking im v15.1.0
   Compiling shlex v1.3.0
   Compiling find-msvc-tools v0.1.9
   Compiling cc v1.2.62
   Compiling libmimalloc-sys v0.1.49
    Checking regex-syntax v0.8.10
    Checking regex-automata v0.4.14
    Checking lazy_static v1.5.0
    Checking log v0.4.29
    Checking tracing-log v0.2.0
    Checking sharded-slab v0.1.7
    Checking matchers v0.2.0
    Checking thread_local v1.1.9
    Checking nu-ansi-term v0.50.3
    Checking tracing-subscriber v0.3.23
    Checking mimalloc v0.1.52
    Checking insta v1.47.2
    Checking phase-ai v0.97.0 (/home/user/phase/crates/phase-ai)
    Finished `dev` profile [unoptimized] target(s) in 9m 18s
