=== Card Data Generation ===
Ensuring MTGJSON token set files...
Token sets: downloaded 0, skipped 336, failed 0
Generating card data from MTGJSON via Oracle text parser...
   Compiling proc-macro2 v1.0.106
   Compiling quote v1.0.45
   Compiling unicode-ident v1.0.24
   Compiling serde_core v1.0.228
   Compiling syn v2.0.117
   Compiling version_check v0.9.5
   Compiling serde v1.0.228
   Compiling zmij v1.0.21
   Compiling serde_derive v1.0.228
   Compiling typenum v1.20.0
   Compiling cfg-if v1.0.4
   Compiling generic-array v0.14.7
   Compiling memchr v2.8.0
   Compiling libc v0.2.186
   Compiling hashbrown v0.17.1
   Compiling equivalent v1.0.2
   Compiling once_cell v1.21.4
   Compiling getrandom v0.3.4
   Compiling zerocopy v0.8.48
   Compiling tracing-core v0.1.36
   Compiling indexmap v2.14.0
   Compiling toml_datetime v0.6.11
   Compiling serde_spanned v0.6.9
   Compiling serde_json v1.0.149
   Compiling winnow v0.7.15
   Compiling toml_write v0.1.2
   Compiling toml_edit v0.22.27
   Compiling aho-corasick v1.1.4
   Compiling regex-syntax v0.8.10
   Compiling log v0.4.29
   Compiling itoa v1.0.18
   Compiling regex-automata v0.4.14
   Compiling ppv-lite86 v0.2.21
   Compiling toml v0.8.23
   Compiling rand_core v0.9.5
   Compiling block-buffer v0.10.4
   Compiling crypto-common v0.1.7
   Compiling bitmaps v2.1.0
   Compiling tracing-attributes v0.1.31
   Compiling im v15.1.0
   Compiling thiserror v2.0.18
   Compiling pin-project-lite v0.2.17
   Compiling heck v0.5.0
   Compiling lazy_static v1.5.0
   Compiling rand_core v0.6.4
   Compiling rand_xoshiro v0.6.0
   Compiling sharded-slab v0.1.7
   Compiling strum_macros v0.27.2
   Compiling tracing v0.1.44
   Compiling sized-chunks v0.6.5
   Compiling matchers v0.2.0
   Compiling digest v0.10.7
   Compiling rand_chacha v0.9.0
   Compiling phase-engine v0.97.0 (/home/user/phase/crates/engine)
   Compiling tracing-log v0.2.0
   Compiling tracing-serde v0.2.0
   Compiling smallvec v1.15.1
   Compiling thread_local v1.1.9
   Compiling thiserror-impl v2.0.18
   Compiling nu-ansi-term v0.50.3
   Compiling cpufeatures v0.2.17
   Compiling fixedbitset v0.4.2
   Compiling petgraph v0.6.5
   Compiling sha2 v0.10.9
   Compiling tracing-subscriber v0.3.23
   Compiling rand v0.9.4
   Compiling strum v0.27.2
   Compiling nom v8.0.0
   Compiling serde_ignored v0.1.14
   Compiling web-time v1.1.0
   Compiling rustc-hash v2.1.2
    Finished `tool` profile [optimized] target(s) in 16m 01s
Generating token preset catalog from MTGJSON set files...
2917 generated presets; 0 overlay rows applied (0 shadowed), 0 superseded
Generated 2917 token presets at crates/engine/data/known-tokens.toml.tmp.HVJKtz
Skipped write of 408 creature subtypes to crates/engine/data/oracle-subtypes.json (unchanged)
[2m2026-10-01T12:32:33.556782Z[0m [32m INFO[0m [2moracle_gen[0m[2m:[0m Scanned 336 set files, 28369 cards with rarity data
Localized sidecars written: 6 locales (de:30092 es:29286 fr:30083 it:29473 ja:29993 pt:24748)
Card names written: 35810 names
Total cards: 35059
Faces indexed: 35864
Cards with unimplemented effects: 2794
Fully implemented: 32265/35059 (92.0%)
Validating card-data against current engine schema...
OK: 35864 cards parsed from client/public/card-data.json.tmp
Promoted client/public/card-data.json and client/public/card-names.json
Wrote content-addressed client/public/card-data-0c6e10ab508e02d5.json
Generating card coverage data...
Wrote parser warning patterns to client/public/parser-warning-patterns.json.tmp
Coverage: 32068/35864 cards supported (89.4%)
  brawl legal: 15682/16708 fully supported (93.9%)
  commander legal: 30623/32950 fully supported (92.9%)
  duel legal: 30499/32754 fully supported (93.1%)
  historic legal: 15634/16660 fully supported (93.8%)
  legacy legal: 30534/32793 fully supported (93.1%)
  modern legal: 22329/23472 fully supported (95.1%)
  oathbreaker legal: 30567/32823 fully supported (93.1%)
  pauper legal: 10739/11017 fully supported (97.5%)
  paupercommander legal: 10714/11047 fully supported (97.0%)
  pioneer legal: 15031/15747 fully supported (95.5%)
  premodern legal: 4947/5383 fully supported (91.9%)
  standard legal: 5295/5429 fully supported (97.5%)
  standardbrawl legal: 5310/5444 fully supported (97.5%)
  timeless legal: 15714/16741 fully supported (93.9%)
  vintage legal: 30550/32811 fully supported (93.1%)

Parse warnings: 890 warnings across 3 categories
  ignored-remainder — 2 warnings (2 cards)
  swallowed-clause — 835 warnings (755 cards)
  target-fallback — 53 warnings (48 cards)
Promoted client/public/coverage-data.json, client/public/coverage-summary.json, and client/public/parser-warning-patterns.json
Generated client/public/card-data-meta.json
Projected 871 sets to client/public/set-list.json.tmp (125444 bytes)
Promoted client/public/set-list.json
Wrote 1381 decks to client/public/decks.json.tmp (3754507 bytes; 735 fully playable, 646 partially playable, 1684 dropped as non-decks (<40 cards), 0 read errors)
Promoted client/public/decks.json
Generated client/public/card-data.json (95M, ~35810 cards)
Generated client/public/card-names.json (672K)
