    Checking serde v1.0.228
    Checking getrandom v0.3.4
    Checking rand_core v0.9.5
    Checking indexmap v2.14.0
    Checking smallvec v1.15.1
    Checking tracing-core v0.1.36
   Compiling serde_json v1.0.149
    Checking rand_chacha v0.9.0
    Checking toml_datetime v0.6.11
    Checking serde_spanned v0.6.9
    Checking rand_core v0.6.4
    Checking toml_edit v0.22.27
   Compiling phase-engine v0.97.0 (/home/user/phase/crates/engine)
    Checking rand_xoshiro v0.6.0
    Checking tracing v0.1.44
    Checking rand v0.9.4
    Checking petgraph v0.6.5
    Checking thiserror v2.0.18
    Checking toml v0.8.23
    Checking im v15.1.0
    Checking strum v0.27.2
    Checking insta v1.47.2
    Checking tracing-log v0.2.0
    Checking tracing-subscriber v0.3.23
    Checking parking_lot_core v0.9.12
    Checking parking_lot v0.12.5
   Compiling tokio-macros v2.7.0
    Checking tokio v1.52.3
   Compiling server-core v0.97.0 (/home/user/phase/crates/server-core)
    Checking rand_xorshift v0.4.0
    Checking proptest v1.11.0
    Checking phase-ai v0.97.0 (/home/user/phase/crates/phase-ai)
    Checking lobby-broker v0.97.0 (/home/user/phase/crates/lobby-broker)
    Checking draft-core v0.97.0 (/home/user/phase/crates/draft-core)
    Checking seat-reducer v0.97.0 (/home/user/phase/crates/seat-reducer)
    Finished `dev` profile [unoptimized + debuginfo] target(s) in 15m 19s
DONE rc=0
