   Compiling serde_core v1.0.228
   Compiling cfg-if v1.0.4
   Compiling libc v0.2.186
   Compiling typenum v1.20.0
   Compiling hashbrown v0.17.1
   Compiling serde v1.0.228
   Compiling equivalent v1.0.2
   Compiling indexmap v2.14.0
   Compiling generic-array v0.14.7
   Compiling toml_datetime v0.6.11
   Compiling serde_spanned v0.6.9
   Compiling winnow v0.7.15
   Compiling once_cell v1.21.4
   Compiling toml_write v0.1.2
   Compiling toml_edit v0.22.27
   Compiling zerocopy v0.8.48
   Compiling getrandom v0.3.4
   Compiling zmij v1.0.21
   Compiling memchr v2.8.0
   Compiling itoa v1.0.18
   Compiling serde_json v1.0.149
   Compiling ppv-lite86 v0.2.21
   Compiling rand_core v0.9.5
   Compiling toml v0.8.23
   Compiling block-buffer v0.10.4
   Compiling crypto-common v0.1.7
   Compiling bitmaps v2.1.0
   Compiling rand_core v0.6.4
   Compiling unicode-ident v1.0.24
   Compiling proc-macro2 v1.0.106
   Compiling rand_xoshiro v0.6.0
   Compiling sized-chunks v0.6.5
   Compiling digest v0.10.7
   Compiling phase-engine v0.97.0 (/home/user/phase/crates/engine)
   Compiling rand_chacha v0.9.0
   Compiling getrandom v0.4.2
   Compiling tracing-core v0.1.36
   Compiling pin-project-lite v0.2.17
   Compiling fixedbitset v0.4.2
   Compiling cpufeatures v0.2.17
   Compiling tempfile v3.27.0
   Compiling sha2 v0.10.9
   Compiling petgraph v0.6.5
   Compiling tracing v0.1.44
   Compiling thiserror v2.0.18
   Compiling rand v0.9.4
   Compiling im v15.1.0
   Compiling crc32fast v1.5.0
   Compiling quote v1.0.45
   Compiling strum v0.27.2
   Compiling nom v8.0.0
   Compiling smallvec v1.15.1
   Compiling serde_ignored v0.1.14
   Compiling console v0.16.3
   Compiling rustc-hash v2.1.2
   Compiling web-time v1.1.0
   Compiling insta v1.47.2
   Compiling syn v2.0.117
   Compiling flate2 v1.1.9
