   Compiling tracing-core v0.1.36
   Compiling phase-engine v0.97.0 (/home/user/phase/crates/engine)
   Compiling serde_json v1.0.149
   Compiling tracing v0.1.44
   Compiling tracing-log v0.2.0
   Compiling thread_local v1.1.9
   Compiling tracing-subscriber v0.3.23
   Compiling parking_lot_core v0.9.12
   Compiling errno v0.3.14
   Compiling signal-hook-registry v1.4.8
   Compiling parking_lot v0.12.5
   Compiling mio v1.2.0
   Compiling socket2 v0.6.3
   Compiling wait-timeout v0.2.1
   Compiling rusty-fork v0.3.1
   Compiling tokio v1.52.3
   Compiling server-core v0.97.0 (/home/user/phase/crates/server-core)
   Compiling rand_xorshift v0.4.0
   Compiling proptest v1.11.0
   Compiling phase-ai v0.97.0 (/home/user/phase/crates/phase-ai)
   Compiling seat-reducer v0.97.0 (/home/user/phase/crates/seat-reducer)
   Compiling lobby-broker v0.97.0 (/home/user/phase/crates/lobby-broker)
   Compiling draft-core v0.97.0 (/home/user/phase/crates/draft-core)
    Finished `test` profile [unoptimized + debuginfo] target(s) in 5m 41s
────────────
 Nextest run ID cf42fb78-ca43-4271-ba3d-dd7dc4f204e4 with nextest profile: default
    Starting 92 tests across 3 binaries (415 tests skipped)
        PASS [   0.012s] ( 1/92) server-core protocol::tests::build_commit_is_nonempty
        PASS [   0.014s] ( 2/92) server-core protocol::tests::ai_seat_request_roundtrips
        PASS [   0.016s] ( 3/92) server-core protocol::tests::ai_seat_request_uses_camel_case_keys
        PASS [   0.016s] ( 4/92) server-core protocol::tests::authoritative_state_export_messages_roundtrip
        PASS [   0.016s] ( 5/92) server-core protocol::tests::client_hello_defaults_missing_and_future_wire_formats_safely
        PASS [   0.016s] ( 6/92) server-core protocol::tests::client_hello_roundtrips
        PASS [   0.018s] ( 7/92) server-core protocol::tests::client_message_abandon_game_roundtrips
        PASS [   0.018s] ( 8/92) server-core protocol::tests::client_message_action_roundtrips
        PASS [   0.012s] ( 9/92) server-core protocol::tests::client_message_cancel_takeback_roundtrips
        PASS [   0.010s] (10/92) server-core protocol::tests::client_message_concede_match_roundtrips_without_authority_payload
        PASS [   0.011s] (11/92) server-core protocol::tests::client_message_create_game_roundtrips
        PASS [   0.012s] (12/92) server-core protocol::tests::client_message_concede_roundtrips
        PASS [   0.010s] (13/92) server-core protocol::tests::client_message_create_sealed_draft_with_settings_roundtrips
        PASS [   0.014s] (14/92) server-core protocol::tests::client_message_create_game_with_settings_roundtrips
        PASS [   0.011s] (15/92) server-core protocol::tests::client_message_draft_action_roundtrips
        PASS [   0.012s] (16/92) server-core protocol::tests::client_message_emote_roundtrips
        PASS [   0.009s] (17/92) server-core protocol::tests::client_message_interaction_preview_roundtrips_and_an_unknown_tag_is_a_benign_err
        PASS [   0.009s] (18/92) server-core protocol::tests::client_message_join_draft_with_password_roundtrips
        PASS [   0.011s] (19/92) server-core protocol::tests::client_message_join_game_roundtrips
        PASS [   0.010s] (20/92) server-core protocol::tests::client_message_lookup_join_target_roundtrips
        PASS [   0.011s] (21/92) server-core protocol::tests::client_message_join_game_with_password_roundtrips
        PASS [   0.009s] (22/92) server-core protocol::tests::client_message_mana_payment_preview_roundtrips
        PASS [   0.009s] (23/92) server-core protocol::tests::client_message_request_takeback_roundtrips
        PASS [   0.011s] (24/92) server-core protocol::tests::client_message_ping_roundtrips
        PASS [   0.010s] (25/92) server-core protocol::tests::client_message_reconnect_draft_roundtrips
        PASS [   0.008s] (26/92) server-core protocol::tests::client_message_respond_takeback_roundtrips
        PASS [   0.008s] (27/92) server-core protocol::tests::client_message_spectate_draft_roundtrips
        PASS [   0.010s] (28/92) server-core protocol::tests::client_message_subscribe_lobby_roundtrips
        PASS [   0.010s] (29/92) server-core protocol::tests::client_message_unsubscribe_lobby_roundtrips
        PASS [   0.010s] (30/92) server-core protocol::tests::create_draft_frame_accepts_the_legacy_set_codes_sequence_as_uniform
        PASS [   0.012s] (31/92) server-core protocol::tests::create_draft_frame_accepts_the_legacy_single_set_code
        PASS [   0.011s] (32/92) server-core protocol::tests::create_draft_frame_serializes_chaos_candidates_without_assignments
        PASS [   0.010s] (33/92) server-core protocol::tests::create_draft_frame_serializes_the_tagged_uniform_source
        PASS [   0.012s] (34/92) server-core protocol::tests::create_draft_frame_preserves_pack_order_and_repeats
        PASS [   0.009s] (35/92) server-core protocol::tests::create_game_with_settings_ai_seats_roundtrips
        PASS [   0.010s] (36/92) server-core protocol::tests::create_game_with_settings_missing_ai_seats_defaults_to_empty
        PASS [   0.013s] (37/92) server-core protocol::tests::create_game_with_settings_missing_host_peer_id_defaults_to_none
        PASS [   0.013s] (38/92) server-core protocol::tests::create_game_with_settings_host_peer_id_roundtrips
        PASS [   0.009s] (39/92) server-core protocol::tests::create_game_with_settings_missing_match_config_defaults_to_bo1
        PASS [   0.010s] (40/92) server-core protocol::tests::create_game_with_settings_missing_requested_code_defaults_to_none
        PASS [   0.011s] (41/92) server-core protocol::tests::create_game_with_settings_requested_code_roundtrips
        PASS [   0.012s] (42/92) server-core protocol::tests::draft_pool_groups_nested_workspace_metadata_is_strict_and_legacy_compatible
        PASS [   0.009s] (43/92) server-core protocol::tests::emote_guard_tests::emote_accepts_valid_text
        PASS [   0.009s] (44/92) server-core protocol::tests::emote_guard_tests::emote_rejects_oversized_text
        PASS [   0.010s] (45/92) server-core protocol::tests::full_game_floor_is_current_only_not_a_rollout_window
        PASS [   0.011s] (46/92) server-core protocol::tests::join_target_info_roundtrips
        PASS [   0.010s] (47/92) server-core protocol::tests::lobby_game_with_full_metadata_roundtrips
        PASS [   0.015s] (48/92) server-core protocol::tests::game_started_fixture_matches_server_message_contract
        PASS [   0.011s] (49/92) server-core protocol::tests::lobby_game_without_optional_metadata_deserializes_with_defaults
        PASS [   0.013s] (50/92) server-core protocol::tests::meld_actions_roundtrip
        PASS [   0.011s] (51/92) server-core protocol::tests::peer_info_roundtrips
        PASS [   0.013s] (52/92) server-core protocol::tests::protocol_version_is_93_for_dandan_format
        PASS [   0.011s] (53/92) server-core protocol::tests::request_takeback_without_data_decodes_as_last_action
        PASS [   0.012s] (54/92) server-core protocol::tests::seat_mutation_deck_list_choice_roundtrips
        PASS [   0.018s] (55/92) server-core protocol::tests::request_takeback_turn_start_roundtrips_with_exact_wire_bytes
        PASS [   0.011s] (56/92) server-core protocol::tests::server_hello_omits_public_url_when_none
        PASS [   0.012s] (57/92) server-core protocol::tests::server_hello_roundtrips
        PASS [   0.011s] (58/92) server-core protocol::tests::server_message_ai_driver_fault_roundtrips_with_client_wire_keys
        PASS [   0.014s] (59/92) server-core protocol::tests::server_message_action_no_op_roundtrips
        PASS [   0.012s] (60/92) server-core protocol::tests::server_message_conceded_roundtrips
        PASS [   0.011s] (61/92) server-core protocol::tests::server_message_draft_action_rejected_roundtrips
        PASS [   0.011s] (62/92) server-core protocol::tests::server_message_draft_created_roundtrips
        PASS [   0.014s] (63/92) server-core protocol::tests::server_message_draft_match_start_roundtrips
        PASS [   0.014s] (64/92) server-core protocol::tests::server_message_draft_over_roundtrips
        PASS [   0.012s] (65/92) server-core protocol::tests::server_message_draft_state_update_roundtrips
        PASS [   0.015s] (66/92) server-core protocol::tests::server_message_draft_spectator_view_roundtrips
        PASS [   0.015s] (67/92) server-core protocol::tests::server_message_draft_timer_sync_roundtrips
        PASS [   0.013s] (68/92) server-core protocol::tests::server_message_game_created_roundtrips
        PASS [   0.019s] (69/92) server-core protocol::tests::server_message_emote_roundtrips
        PASS [   0.014s] (70/92) server-core protocol::tests::server_message_game_over_roundtrips
        PASS [   0.018s] (71/92) server-core protocol::tests::server_message_game_started_with_opponent_name_roundtrips
        PASS [   0.014s] (72/92) server-core protocol::tests::server_message_lobby_game_added_roundtrips
        PASS [   0.022s] (73/92) server-core protocol::tests::server_message_game_started_without_opponent_name_roundtrips
        PASS [   0.023s] (74/92) server-core protocol::tests::server_message_interaction_preview_roundtrips
        PASS [   0.010s] (75/92) server-core protocol::tests::server_message_lobby_game_removed_roundtrips
        PASS [   0.013s] (76/92) server-core protocol::tests::server_message_lobby_game_updated_roundtrips
        PASS [   0.011s] (77/92) server-core protocol::tests::server_message_password_required_roundtrips
        PASS [   0.015s] (78/92) server-core protocol::tests::server_message_lobby_update_roundtrips
        PASS [   0.018s] (79/92) server-core protocol::tests::server_message_mana_payment_preview_roundtrips
        PASS [   0.010s] (80/92) server-core protocol::tests::server_message_pong_roundtrips
        PASS [   0.022s] (81/92) server-core protocol::tests::server_message_player_count_roundtrips
        PASS [   0.017s] (82/92) server-core protocol::tests::server_message_tagged_json_format
        PASS [   0.009s] (83/92) server-core protocol::tests::server_message_takeback_resolved_omits_resolved_by_when_none
        PASS [   0.015s] (84/92) server-core protocol::tests::server_message_takeback_requested_roundtrips
        PASS [   0.009s] (85/92) server-core protocol::tests::session_attached_roundtrips_with_only_its_own_token
        PASS [   0.014s] (86/92) server-core protocol::tests::server_message_takeback_resolved_roundtrips
        PASS [   0.020s] (87/92) server-core protocol::tests::server_message_timer_update_roundtrips
        PASS [   0.020s] (88/92) server-core protocol::tests::state_update_fixture_matches_server_message_contract
        PASS [   0.013s] (89/92) server-core protocol::tests::terminal_bootstrap_request_roundtrips_with_exact_full_key
        PASS [   0.010s] (90/92) server-core protocol::tests::unregister_lobby_roundtrips
        PASS [   0.023s] (91/92) server-core protocol::tests::state_update_rewind_targets_roundtrip_and_omission
        PASS [   0.013s] (92/92) server-core protocol::tests::terminal_delivery_response_roundtrips
────────────
     Summary [   0.301s] 92 tests run: 92 passed, 415 skipped
DONE rc=0
