   Compiling phase-engine v0.97.0 (/home/user/phase/crates/engine)
    Finished `test` profile [unoptimized] target(s) in 12m 12s
────────────
 Nextest run ID 454f99de-f719-4a62-ad95-39246079f58d with nextest profile: default
    Starting 34 tests across 8 binaries (31333 tests skipped)
        PASS [   0.020s] ( 1/34) phase-engine game::text_substitution::tests::nothing_to_change_and_unclassified_positions_are_left_alone
        PASS [   0.021s] ( 2/34) phase-engine game::text_substitution::tests::land_word_rewrites_type_positions_but_not_names
        PASS [   0.021s] ( 3/34) phase-engine game::text_substitution::tests::color_word_rewrites_words_but_not_mana_symbols
        PASS [   0.065s] ( 4/34) phase-engine parser::oracle_effect::subject::tests::outer_assigned_names_are_text_changes_but_quoted_named_is_opaque
        PASS [   0.045s] ( 5/34) phase-engine parser::oracle_effect::text_change::tests::magical_hack_lowers_to_a_land_pair_prompt_and_a_permanent_install
        PASS [   0.051s] ( 6/34) phase-engine parser::oracle_effect::text_change::tests::crystal_spray_lowers_to_both_domains_until_end_of_turn_then_draws
        PASS [   0.038s] ( 7/34) phase-engine parser::oracle_effect::text_change::tests::mind_bend_targets_permanents_only
        PASS [   0.089s] ( 8/34) phase-engine parser::oracle_effect::text_change::tests::keyworded_and_modal_class_members_parse_completely
        PASS [   0.141s] ( 9/34) phase-engine parser::oracle_effect::text_change::tests::other_word_classes_stay_unimplemented
        PASS [   3.154s] (10/34) phase-engine::integration text_substitution_cr612::active_substitutions_are_grouped_and_ordered_per_recipient
        PASS [   3.263s] (11/34) phase-engine::integration text_substitution_cr612::chain_of_text_changes_applies_dependency_order_in_both_casting_orders
        PASS [   3.334s] (12/34) phase-engine::integration text_substitution_cr612::chain_plus_loop_on_one_object_and_unrelated_loop_on_another
        PASS [   3.964s] (13/34) phase-engine::integration text_substitution_cr612::carrier_census_classifies_every_word_position_and_round_trips
        PASS [   2.987s] (14/34) phase-engine::integration text_substitution_cr612::changed_static_ability_applies_in_the_same_layer_pass
        PASS [   2.897s] (15/34) phase-engine::integration text_substitution_cr612::color_word_in_keyword_changes_and_unrelated_color_is_a_no_op
        PASS [   3.078s] (16/34) phase-engine::integration text_substitution_cr612::crystal_spray_change_ends_at_end_of_turn
        PASS [   2.964s] (17/34) phase-engine::integration text_substitution_cr612::crystal_spray_prompts_both_domains_then_draws
        PASS [   2.884s] (18/34) phase-engine::integration text_substitution_cr612::granted_abilities_are_not_text_but_printed_statics_are
        PASS [   2.968s] (19/34) phase-engine::integration text_substitution_cr612::entwined_spectral_shift_latches_each_modes_own_answer
        PASS [   2.889s] (20/34) phase-engine::integration text_substitution_cr612::incremental_flush_matches_full_evaluation_with_a_live_substitution
        PASS [   2.881s] (21/34) phase-engine::integration text_substitution_cr612::indefinite_text_change_ends_when_the_permanent_leaves_and_returns
        PASS [   2.925s] (22/34) phase-engine::integration text_substitution_cr612::magical_hack_changes_basic_land_subtype
        PASS [   3.121s] (23/34) phase-engine::integration text_substitution_cr612::loop_of_text_changes_applies_timestamp_order
        PASS [   3.290s] (24/34) phase-engine::integration text_substitution_cr612::magical_hack_changes_landwalk_indefinitely
        PASS [   3.068s] (25/34) phase-engine::integration text_substitution_cr612::mana_symbols_are_not_words_but_the_color_word_is
        PASS [   0.019s] (26/34) phase-engine::integration text_substitution_cr612::substitution_labels_round_trip_and_reject_invalid_pairs
        PASS [   2.860s] (27/34) phase-engine::integration text_substitution_cr612::restamp_rewrites_repeat_for_and_leaves_runtime_state_alone
        PASS [   3.002s] (28/34) phase-engine::integration text_substitution_cr612::same_from_changes_on_different_objects_do_not_interact
        PASS [   3.008s] (29/34) phase-engine::integration text_substitution_cr612::sleight_of_mind_offers_only_color_pairs_and_latches_nothing_for_a_bad_answer
        PASS [   2.938s] (30/34) phase-engine::integration text_substitution_cr612::text_change_on_a_non_permanent_spell_is_gone_when_it_leaves_the_stack
        PASS [   0.016s] (31/34) phase-engine::bin/set-check tests::ast_hash_changes_when_oracle_text_changes
        PASS [   2.802s] (32/34) phase-engine::integration text_substitution_cr612::text_change_on_a_permanent_spell_carries_to_the_permanent
        PASS [   2.959s] (33/34) phase-engine::integration text_substitution_cr612::text_change_on_a_spell_changes_what_resolves
        PASS [   3.042s] (34/34) phase-engine::integration text_substitution_cr612::text_change_on_acid_rain_changes_which_lands_die
────────────
     Summary [  18.895s] 34 tests run: 34 passed, 31333 skipped
exit=0
