Lockfile is up to date, resolution step is skipped
Progress: resolved 1, reused 0, downloaded 0, added 0
Packages: +861
++++++++++++++++++++++++++++++++++++++++++++++++++++++++++++++++++++++++++++++++
Progress: resolved 861, reused 0, downloaded 28, added 19
Progress: resolved 861, reused 0, downloaded 100, added 87
Progress: resolved 861, reused 0, downloaded 236, added 234
Progress: resolved 861, reused 0, downloaded 402, added 397
Progress: resolved 861, reused 0, downloaded 677, added 675
Progress: resolved 861, reused 0, downloaded 802, added 792
Progress: resolved 861, reused 0, downloaded 860, added 860
Progress: resolved 861, reused 0, downloaded 861, added 861, done

dependencies:
+ @fontsource-variable/jetbrains-mono 5.2.8
+ @fontsource-variable/newsreader 5.2.10
+ @supabase/supabase-js 2.106.2
+ @tailwindcss/vite 4.3.0
+ @tauri-apps/api 2.11.0
+ @tauri-apps/plugin-opener 2.5.4
+ @tauri-apps/plugin-process 2.3.1
+ @tauri-apps/plugin-updater 2.10.1
+ fflate 0.8.3
+ framer-motion 12.38.0
+ i18next 26.2.0
+ idb 8.0.3
+ idb-keyval 6.2.2
+ mana-font 1.18.0
+ peerjs 1.5.5
+ react 19.2.6
+ react-dom 19.2.6
+ react-i18next 17.0.8
+ react-router 7.18.2
+ tailwindcss 4.3.0
+ three 0.184.0
+ vite-plugin-wasm 3.6.0
+ zustand 5.0.13

devDependencies:
+ @eslint/js 9.39.4
+ @storybook/addon-a11y 10.6.0
+ @storybook/addon-docs 10.6.0
+ @storybook/react-vite 10.6.0
+ @tauri-apps/cli 2.11.1
+ @testing-library/jest-dom 6.9.1
+ @testing-library/react 16.3.2
+ @testing-library/user-event 14.6.1
+ @types/node 25.6.2
+ @types/react 19.2.14
+ @types/react-dom 19.2.3
+ @types/three 0.184.1
+ @vitejs/plugin-react 4.7.0
+ @vitest/coverage-v8 4.1.0
+ eslint 9.39.4
+ eslint-plugin-react-hooks 5.2.0
+ eslint-plugin-react-refresh 0.4.26
+ eslint-plugin-storybook 10.6.0
+ fake-indexeddb 6.2.5
+ fishery 2.4.0
+ globals 16.5.0
+ happy-dom 20.9.0
+ i18next-parser 9.4.0
+ jsdom 26.1.0
+ storybook 10.6.0
+ typescript 5.7.3
+ typescript-eslint 8.59.2
+ vite 6.4.3
+ vite-plugin-compression2 2.5.3
+ vite-plugin-pwa 1.3.0
+ vitest 4.1.0
+ workbox-window 7.4.1
+ wrangler 4.113.0

Done in 9.1s using pnpm v9.15.9
exit=0
