=== Card Data Generation ===
Ensuring MTGJSON token set files...
Token sets: downloaded 0, skipped 336, failed 0
Generating card data from MTGJSON via Oracle text parser...
   Compiling phase-engine v0.103.0 (/home/lgray/vibe-coding/dandan-run/wt-complete/crates/engine)
    Finished `tool` profile [optimized + debuginfo] target(s) in 6m 50s
Generating token preset catalog from MTGJSON set files...
2917 generated presets; 0 overlay rows applied (0 shadowed), 0 superseded
Generated 2917 token presets at crates/engine/data/known-tokens.toml.tmp.liYvfj
WARNING: refusing to promote crates/engine/data/known-tokens.toml: MTGJSON input date 2026-10-02 is older than committed vintage 2026-10-07. Refresh MTGJSON inputs (rerun without MTGJSON_SKIP_REFRESH=1 or set PHASE_REFRESH_MTGJSON=1) before retrying.
WARNING: refusing to update crates/engine/data/oracle-subtypes.json: MTGJSON input date 2026-10-02 is older than committed vintage 2026-10-07. Refresh MTGJSON inputs (rerun without MTGJSON_SKIP_REFRESH=1 or set PHASE_REFRESH_MTGJSON=1) before retrying.
[2m2026-10-08T09:33:16.389251Z[0m [32m INFO[0m [2moracle_gen[0m[2m:[0m Scanned 336 set files, 28371 cards with rarity data
Localized sidecars written: 6 locales (de:30357 es:29549 fr:30348 it:29737 ja:30258 pt:24748)
Card names written: 35825 names
Total cards: 35074
Faces indexed: 35879
Cards with unimplemented effects: 3057
Fully implemented: 32017/35074 (91.3%)
Validating card-data against current engine schema...
OK: 35879 cards parsed from client/public/card-data.json.tmp
Promoted client/public/card-data.json and client/public/card-names.json
Wrote content-addressed client/public/card-data-5b31dc68aeb81844.json
Generating card coverage data...
Wrote parser warning patterns to client/public/parser-warning-patterns.json.tmp
Coverage: 31974/35879 cards supported (89.1%)
  brawl legal: 15640/16709 fully supported (93.6%)
  commander legal: 30551/32951 fully supported (92.7%)
  duel legal: 30423/32755 fully supported (92.9%)
  historic legal: 15592/16661 fully supported (93.6%)
  legacy legal: 30458/32794 fully supported (92.9%)
  modern legal: 22270/23473 fully supported (94.9%)
  oathbreaker legal: 30491/32824 fully supported (92.9%)
  pauper legal: 10715/11017 fully supported (97.3%)
  paupercommander legal: 10695/11047 fully supported (96.8%)
  pioneer legal: 15001/15747 fully supported (95.3%)
  premodern legal: 4921/5383 fully supported (91.4%)
  standard legal: 5289/5429 fully supported (97.4%)
  standardbrawl legal: 5303/5444 fully supported (97.4%)
  timeless legal: 15672/16742 fully supported (93.6%)
  vintage legal: 30474/32812 fully supported (92.9%)

Parse warnings: 714 warnings across 3 categories
  ignored-remainder — 2 warnings (2 cards)
  swallowed-clause — 655 warnings (597 cards)
  target-fallback — 57 warnings (51 cards)
Promoted client/public/coverage-data.json, client/public/coverage-summary.json, and client/public/parser-warning-patterns.json
Generated client/public/card-data-meta.json
Projected 871 sets to client/public/set-list.json.tmp (125444 bytes)
Promoted client/public/set-list.json
Wrote 1381 decks to client/public/decks.json.tmp (3762773 bytes; 683 fully playable, 698 partially playable, 1694 dropped as non-decks (<40 cards), 0 read errors)
Promoted client/public/decks.json
Generated client/public/card-data.json (95M, ~35825 cards)
Generated client/public/card-names.json (672K)
