cargo-isolate: CARGO_HOME=/home/lgray/vibe-coding/.cargo-homes/wt-dandan
   Compiling phase-engine v0.102.0 (/home/lgray/vibe-coding/dandan-run/wt-dandan/crates/engine)
warning: unused import: `GameScenario`
 --> crates/engine/tests/integration/dandan_hand_entry_ownership.rs:8:42
  |
8 | use engine::game::scenario::{GameRunner, GameScenario, P0, P1};
  |                                          ^^^^^^^^^^^^
  |
  = note: `#[warn(unused_imports)]` (part of `#[warn(unused)]`) on by default

warning: `phase-engine` (test "integration") generated 1 warning (run `cargo fix --test "integration" -p phase-engine` to apply 1 suggestion)
    Finished `test` profile [unoptimized + debuginfo] target(s) in 2m 08s
────────────
 Nextest run ID 1e1f2774-5f36-4a8a-86fb-fed5fdfbaf3c with nextest profile: default
    Starting 22 tests across 2 binaries (32626 tests skipped)
        PASS [   0.034s] ( 1/22) phase-engine game::zones::hand_entry_rebind_tests::a_later_zone_change_does_not_resurrect_the_old_owner_as_controller
        PASS [   0.035s] ( 2/22) phase-engine game::zone_pipeline::hand_entry_receiver_tests::the_hand_entry_axis_gates_the_rebind
        PASS [   0.038s] ( 3/22) phase-engine game::zones::hand_entry_rebind_tests::an_unrebound_command_omits_the_field_and_old_saves_default_it
        PASS [   0.039s] ( 4/22) phase-engine game::zone_pipeline::hand_entry_receiver_tests::a_card_leaving_a_per_seat_zone_keeps_its_owner
        PASS [   0.045s] ( 5/22) phase-engine game::zone_pipeline::hand_entry_receiver_tests::a_taker_who_already_owns_the_card_journals_no_rebind
        PASS [   0.047s] ( 6/22) phase-engine game::zone_pipeline::hand_entry_receiver_tests::a_card_redirected_to_command_keeps_its_owner
        PASS [   0.055s] ( 7/22) phase-engine game::zone_pipeline::hand_entry_receiver_tests::the_taker_survives_a_serialized_pause_and_a_redirect_clears_the_rebind
        PASS [   0.055s] ( 8/22) phase-engine game::zone_pipeline::hand_entry_receiver_tests::declining_the_redirect_delivers_both_members_to_the_taker
        PASS [   0.059s] ( 9/22) phase-engine game::zones::hand_entry_rebind_tests::replaying_the_command_reproduces_the_live_rebind
        PASS [   0.049s] (10/22) phase-engine game::zones::hand_entry_rebind_tests::the_replay_precondition_is_the_pre_rebind_owner
        PASS [   0.064s] (11/22) phase-engine game::zones::hand_entry_rebind_tests::the_journal_validator_accepts_the_rebind_and_refuses_each_malformed_form
        PASS [   3.490s] (12/22) phase-engine::integration dandan_hand_entry_ownership::v8_every_card_in_a_hand_is_owned_by_its_holder_after_mixed_flows
        PASS [   3.557s] (13/22) phase-engine::integration dandan_hand_entry_ownership::v1_brainstorm_draw_from_the_pile_is_owned_by_the_drawer
        PASS [   3.541s] (14/22) phase-engine::integration dandan_hand_entry_ownership::v4b_dig_to_exile_does_not_name_a_performer
        PASS [   3.613s] (15/22) phase-engine::integration dandan_hand_entry_ownership::v3_opening_deal_and_mulligan_redraw_belong_to_the_receiving_seat
        PASS [   3.620s] (16/22) phase-engine::integration dandan_hand_entry_ownership::v6_a_stolen_drawn_creature_returns_to_the_drawers_hand
        PASS [   3.666s] (17/22) phase-engine::integration dandan_hand_entry_ownership::v4_telling_time_puts_the_kept_card_into_the_receivers_hand
        PASS [   3.679s] (18/22) phase-engine::integration dandan_hand_entry_ownership::v1_brainstorm_from_the_pile_holder_and_in_standard_are_unchanged
        PASS [   3.683s] (19/22) phase-engine::integration dandan_hand_entry_ownership::v5_haunted_fengraf_returns_the_pile_card_to_the_activators_ownership
        FAIL [   3.684s] (20/22) phase-engine::integration dandan_hand_entry_ownership::v7_seek_puts_the_found_card_into_the_seekers_hand
  stdout ───

    running 1 test
    test dandan_hand_entry_ownership::v7_seek_puts_the_found_card_into_the_seekers_hand ... FAILED

    failures:

    failures:
        dandan_hand_entry_ownership::v7_seek_puts_the_found_card_into_the_seekers_hand

    test result: FAILED. 0 passed; 1 failed; 0 ignored; 0 measured; 9432 filtered out; finished in 3.64s

  stderr ───

    thread 'dandan_hand_entry_ownership::v7_seek_puts_the_found_card_into_the_seekers_hand' (301037) panicked at crates/engine/tests/integration/dandan_hand_entry_ownership.rs:38:9:
    assertion `left == right` failed: the sought land: ObjectId(2) is in exactly PlayerId(1)'s hand (checked PlayerId(0))
      left: true
     right: false
    note: run with `RUST_BACKTRACE=1` environment variable to display a backtrace

        PASS [   3.733s] (21/22) phase-engine::integration dandan_hand_entry_ownership::v7_explore_puts_a_revealed_land_into_the_explorers_hand
        PASS [   3.812s] (22/22) phase-engine::integration dandan_hand_entry_ownership::v2_a_drawn_land_is_played_by_the_drawer_and_sacrificed_into_the_pile
────────────
     Summary [   3.831s] 22 tests run: 21 passed, 1 failed, 32626 skipped
        FAIL [   3.684s] (20/22) phase-engine::integration dandan_hand_entry_ownership::v7_seek_puts_the_found_card_into_the_seekers_hand
error: test run failed
