cargo-isolate: CARGO_HOME=/home/lgray/vibe-coding/.cargo-homes/wt-dandan
   Compiling phase-engine v0.102.0 (/home/lgray/vibe-coding/dandan-run/wt-dandan/crates/engine)
warning: unused import: `GameScenario`
 --> crates/engine/tests/integration/dandan_hand_entry_ownership.rs:8:42
  |
8 | use engine::game::scenario::{GameRunner, GameScenario, P0, P1};
  |                                          ^^^^^^^^^^^^
  |
  = note: `#[warn(unused_imports)]` (part of `#[warn(unused)]`) on by default

warning: `phase-engine` (test "integration") generated 1 warning (run `cargo fix --test "integration" -p phase-engine` to apply 1 suggestion)
    Finished `test` profile [unoptimized + debuginfo] target(s) in 1m 42s
────────────
 Nextest run ID 5b3fd275-7ceb-40ef-a33e-c247a532d9a9 with nextest profile: default
    Starting 22 tests across 2 binaries (32626 tests skipped)
        PASS [   0.035s] ( 1/22) phase-engine game::zone_pipeline::hand_entry_receiver_tests::a_card_leaving_a_per_seat_zone_keeps_its_owner
        PASS [   0.035s] ( 2/22) phase-engine game::zone_pipeline::hand_entry_receiver_tests::a_taker_who_already_owns_the_card_journals_no_rebind
        FAIL [   0.034s] ( 3/22) phase-engine game::zones::hand_entry_rebind_tests::the_replay_precondition_is_the_pre_rebind_owner
  stdout ───

    running 1 test
    test game::zones::hand_entry_rebind_tests::the_replay_precondition_is_the_pre_rebind_owner ... FAILED

    failures:

    failures:
        game::zones::hand_entry_rebind_tests::the_replay_precondition_is_the_pre_rebind_owner

    test result: FAILED. 0 passed; 1 failed; 0 ignored; 0 measured; 23214 filtered out; finished in 0.01s

  stderr ───

    thread 'game::zones::hand_entry_rebind_tests::the_replay_precondition_is_the_pre_rebind_owner' (277471) panicked at crates/engine/src/game/zones.rs:5695:10:
    the rebinding move applies: OwnerMismatch { expected: PlayerId(1), found: PlayerId(0) }
    note: run with `RUST_BACKTRACE=1` environment variable to display a backtrace

        FAIL [   0.034s] ( 4/22) phase-engine game::zone_pipeline::hand_entry_receiver_tests::a_card_redirected_to_command_keeps_its_owner
  stdout ───

    running 1 test
    test game::zone_pipeline::hand_entry_receiver_tests::a_card_redirected_to_command_keeps_its_owner ... FAILED

    failures:

    failures:
        game::zone_pipeline::hand_entry_receiver_tests::a_card_redirected_to_command_keeps_its_owner

    test result: FAILED. 0 passed; 1 failed; 0 ignored; 0 measured; 23214 filtered out; finished in 0.01s

  stderr ───

    thread 'game::zone_pipeline::hand_entry_receiver_tests::a_card_redirected_to_command_keeps_its_owner' (277477) panicked at crates/engine/src/game/zones.rs:1589:14:
    ordinary zone transition must install its resolved core: OwnerMismatch { expected: PlayerId(1), found: PlayerId(0) }
    note: run with `RUST_BACKTRACE=1` environment variable to display a backtrace

        FAIL [   0.041s] ( 5/22) phase-engine game::zones::hand_entry_rebind_tests::the_journal_validator_accepts_the_rebind_and_refuses_each_malformed_form
  stdout ───

    running 1 test
    test game::zones::hand_entry_rebind_tests::the_journal_validator_accepts_the_rebind_and_refuses_each_malformed_form ... FAILED

    failures:

    failures:
        game::zones::hand_entry_rebind_tests::the_journal_validator_accepts_the_rebind_and_refuses_each_malformed_form

    test result: FAILED. 0 passed; 1 failed; 0 ignored; 0 measured; 23214 filtered out; finished in 0.01s

  stderr ───

    thread 'game::zones::hand_entry_rebind_tests::the_journal_validator_accepts_the_rebind_and_refuses_each_malformed_form' (277481) panicked at crates/engine/src/game/zones.rs:5695:10:
    the rebinding move applies: OwnerMismatch { expected: PlayerId(1), found: PlayerId(0) }
    note: run with `RUST_BACKTRACE=1` environment variable to display a backtrace

        FAIL [   0.041s] ( 6/22) phase-engine game::zone_pipeline::hand_entry_receiver_tests::declining_the_redirect_delivers_both_members_to_the_taker
  stdout ───

    running 1 test
    test game::zone_pipeline::hand_entry_receiver_tests::declining_the_redirect_delivers_both_members_to_the_taker ... FAILED

    failures:

    failures:
        game::zone_pipeline::hand_entry_receiver_tests::declining_the_redirect_delivers_both_members_to_the_taker

    test result: FAILED. 0 passed; 1 failed; 0 ignored; 0 measured; 23214 filtered out; finished in 0.01s

  stderr ───

    thread 'game::zone_pipeline::hand_entry_receiver_tests::declining_the_redirect_delivers_both_members_to_the_taker' (277478) panicked at crates/engine/src/game/zones.rs:1589:14:
    ordinary zone transition must install its resolved core: OwnerMismatch { expected: PlayerId(1), found: PlayerId(0) }
    note: run with `RUST_BACKTRACE=1` environment variable to display a backtrace

        FAIL [   0.041s] ( 7/22) phase-engine game::zones::hand_entry_rebind_tests::replaying_the_command_reproduces_the_live_rebind
  stdout ───

    running 1 test
    test game::zones::hand_entry_rebind_tests::replaying_the_command_reproduces_the_live_rebind ... FAILED

    failures:

    failures:
        game::zones::hand_entry_rebind_tests::replaying_the_command_reproduces_the_live_rebind

    test result: FAILED. 0 passed; 1 failed; 0 ignored; 0 measured; 23214 filtered out; finished in 0.01s

  stderr ───

    thread 'game::zones::hand_entry_rebind_tests::replaying_the_command_reproduces_the_live_rebind' (277480) panicked at crates/engine/src/game/zones.rs:5695:10:
    the rebinding move applies: OwnerMismatch { expected: PlayerId(1), found: PlayerId(0) }
    note: run with `RUST_BACKTRACE=1` environment variable to display a backtrace

        FAIL [   0.041s] ( 8/22) phase-engine game::zones::hand_entry_rebind_tests::a_later_zone_change_does_not_resurrect_the_old_owner_as_controller
  stdout ───

    running 1 test
    test game::zones::hand_entry_rebind_tests::a_later_zone_change_does_not_resurrect_the_old_owner_as_controller ... FAILED

    failures:

    failures:
        game::zones::hand_entry_rebind_tests::a_later_zone_change_does_not_resurrect_the_old_owner_as_controller

    test result: FAILED. 0 passed; 1 failed; 0 ignored; 0 measured; 23214 filtered out; finished in 0.01s

  stderr ───

    thread 'game::zones::hand_entry_rebind_tests::a_later_zone_change_does_not_resurrect_the_old_owner_as_controller' (277486) panicked at crates/engine/src/game/zones.rs:5695:10:
    the rebinding move applies: OwnerMismatch { expected: PlayerId(1), found: PlayerId(0) }
    note: run with `RUST_BACKTRACE=1` environment variable to display a backtrace

        FAIL [   0.044s] ( 9/22) phase-engine game::zones::hand_entry_rebind_tests::an_unrebound_command_omits_the_field_and_old_saves_default_it
  stdout ───

    running 1 test
    test game::zones::hand_entry_rebind_tests::an_unrebound_command_omits_the_field_and_old_saves_default_it ... FAILED

    failures:

    failures:
        game::zones::hand_entry_rebind_tests::an_unrebound_command_omits_the_field_and_old_saves_default_it

    test result: FAILED. 0 passed; 1 failed; 0 ignored; 0 measured; 23214 filtered out; finished in 0.01s

  stderr ───

    thread 'game::zones::hand_entry_rebind_tests::an_unrebound_command_omits_the_field_and_old_saves_default_it' (277483) panicked at crates/engine/src/game/zones.rs:5695:10:
    the rebinding move applies: OwnerMismatch { expected: PlayerId(1), found: PlayerId(0) }
    note: run with `RUST_BACKTRACE=1` environment variable to display a backtrace

        FAIL [   0.044s] (10/22) phase-engine game::zone_pipeline::hand_entry_receiver_tests::the_hand_entry_axis_gates_the_rebind
  stdout ───

    running 1 test
    test game::zone_pipeline::hand_entry_receiver_tests::the_hand_entry_axis_gates_the_rebind ... FAILED

    failures:

    failures:
        game::zone_pipeline::hand_entry_receiver_tests::the_hand_entry_axis_gates_the_rebind

    test result: FAILED. 0 passed; 1 failed; 0 ignored; 0 measured; 23214 filtered out; finished in 0.00s

  stderr ───

    thread 'game::zone_pipeline::hand_entry_receiver_tests::the_hand_entry_axis_gates_the_rebind' (277487) panicked at crates/engine/src/game/zones.rs:1589:14:
    ordinary zone transition must install its resolved core: OwnerMismatch { expected: PlayerId(1), found: PlayerId(0) }
    note: run with `RUST_BACKTRACE=1` environment variable to display a backtrace

        FAIL [   0.054s] (11/22) phase-engine game::zone_pipeline::hand_entry_receiver_tests::the_taker_survives_a_serialized_pause_and_a_redirect_clears_the_rebind
  stdout ───

    running 1 test
    test game::zone_pipeline::hand_entry_receiver_tests::the_taker_survives_a_serialized_pause_and_a_redirect_clears_the_rebind ... FAILED

    failures:

    failures:
        game::zone_pipeline::hand_entry_receiver_tests::the_taker_survives_a_serialized_pause_and_a_redirect_clears_the_rebind

    test result: FAILED. 0 passed; 1 failed; 0 ignored; 0 measured; 23214 filtered out; finished in 0.02s

  stderr ───

    thread 'game::zone_pipeline::hand_entry_receiver_tests::the_taker_survives_a_serialized_pause_and_a_redirect_clears_the_rebind' (277479) panicked at crates/engine/src/game/zones.rs:1589:14:
    ordinary zone transition must install its resolved core: OwnerMismatch { expected: PlayerId(1), found: PlayerId(0) }
    note: run with `RUST_BACKTRACE=1` environment variable to display a backtrace

        FAIL [   2.268s] (12/22) phase-engine::integration dandan_hand_entry_ownership::v3_opening_deal_and_mulligan_redraw_belong_to_the_receiving_seat
  stdout ───

    running 1 test
    test dandan_hand_entry_ownership::v3_opening_deal_and_mulligan_redraw_belong_to_the_receiving_seat ... FAILED

    failures:

    failures:
        dandan_hand_entry_ownership::v3_opening_deal_and_mulligan_redraw_belong_to_the_receiving_seat

    test result: FAILED. 0 passed; 1 failed; 0 ignored; 0 measured; 9432 filtered out; finished in 2.24s

  stderr ───

    thread 'dandan_hand_entry_ownership::v3_opening_deal_and_mulligan_redraw_belong_to_the_receiving_seat' (277473) panicked at crates/engine/src/game/zones.rs:1589:14:
    ordinary zone transition must install its resolved core: OwnerMismatch { expected: PlayerId(1), found: PlayerId(0) }
    note: run with `RUST_BACKTRACE=1` environment variable to display a backtrace

        FAIL [   2.706s] (13/22) phase-engine::integration dandan_hand_entry_ownership::v4_telling_time_puts_the_kept_card_into_the_receivers_hand
  stdout ───

    running 1 test
    test dandan_hand_entry_ownership::v4_telling_time_puts_the_kept_card_into_the_receivers_hand ... FAILED

    failures:

    failures:
        dandan_hand_entry_ownership::v4_telling_time_puts_the_kept_card_into_the_receivers_hand

    test result: FAILED. 0 passed; 1 failed; 0 ignored; 0 measured; 9432 filtered out; finished in 2.68s

  stderr ───

    thread 'dandan_hand_entry_ownership::v4_telling_time_puts_the_kept_card_into_the_receivers_hand' (277474) panicked at crates/engine/src/game/zones.rs:1589:14:
    ordinary zone transition must install its resolved core: OwnerMismatch { expected: PlayerId(1), found: PlayerId(0) }
    note: run with `RUST_BACKTRACE=1` environment variable to display a backtrace

        FAIL [   2.769s] (14/22) phase-engine::integration dandan_hand_entry_ownership::v1_brainstorm_draw_from_the_pile_is_owned_by_the_drawer
  stdout ───

    running 1 test
    test dandan_hand_entry_ownership::v1_brainstorm_draw_from_the_pile_is_owned_by_the_drawer ... FAILED

    failures:

    failures:
        dandan_hand_entry_ownership::v1_brainstorm_draw_from_the_pile_is_owned_by_the_drawer

    test result: FAILED. 0 passed; 1 failed; 0 ignored; 0 measured; 9432 filtered out; finished in 2.73s

  stderr ───

    thread 'dandan_hand_entry_ownership::v1_brainstorm_draw_from_the_pile_is_owned_by_the_drawer' (277482) panicked at crates/engine/src/game/zones.rs:1589:14:
    ordinary zone transition must install its resolved core: OwnerMismatch { expected: PlayerId(1), found: PlayerId(0) }
    note: run with `RUST_BACKTRACE=1` environment variable to display a backtrace

        PASS [   2.763s] (15/22) phase-engine::integration dandan_hand_entry_ownership::v4b_dig_to_exile_does_not_name_a_performer
        FAIL [   2.798s] (16/22) phase-engine::integration dandan_hand_entry_ownership::v2_a_drawn_land_is_played_by_the_drawer_and_sacrificed_into_the_pile
  stdout ───

    running 1 test
    test dandan_hand_entry_ownership::v2_a_drawn_land_is_played_by_the_drawer_and_sacrificed_into_the_pile ... FAILED

    failures:

    failures:
        dandan_hand_entry_ownership::v2_a_drawn_land_is_played_by_the_drawer_and_sacrificed_into_the_pile

    test result: FAILED. 0 passed; 1 failed; 0 ignored; 0 measured; 9432 filtered out; finished in 2.76s

  stderr ───

    thread 'dandan_hand_entry_ownership::v2_a_drawn_land_is_played_by_the_drawer_and_sacrificed_into_the_pile' (277476) panicked at crates/engine/src/game/zones.rs:1589:14:
    ordinary zone transition must install its resolved core: OwnerMismatch { expected: PlayerId(1), found: PlayerId(0) }
    note: run with `RUST_BACKTRACE=1` environment variable to display a backtrace

        PASS [   2.813s] (17/22) phase-engine::integration dandan_hand_entry_ownership::v1_brainstorm_from_the_pile_holder_and_in_standard_are_unchanged
        FAIL [   2.784s] (18/22) phase-engine::integration dandan_hand_entry_ownership::v8_every_card_in_a_hand_is_owned_by_its_holder_after_mixed_flows
  stdout ───

    running 1 test
    test dandan_hand_entry_ownership::v8_every_card_in_a_hand_is_owned_by_its_holder_after_mixed_flows ... FAILED

    failures:

    failures:
        dandan_hand_entry_ownership::v8_every_card_in_a_hand_is_owned_by_its_holder_after_mixed_flows

    test result: FAILED. 0 passed; 1 failed; 0 ignored; 0 measured; 9432 filtered out; finished in 2.76s

  stderr ───

    thread 'dandan_hand_entry_ownership::v8_every_card_in_a_hand_is_owned_by_its_holder_after_mixed_flows' (277495) panicked at crates/engine/src/game/zones.rs:1589:14:
    ordinary zone transition must install its resolved core: OwnerMismatch { expected: PlayerId(1), found: PlayerId(0) }
    note: run with `RUST_BACKTRACE=1` environment variable to display a backtrace

        FAIL [   2.832s] (19/22) phase-engine::integration dandan_hand_entry_ownership::v5_haunted_fengraf_returns_the_pile_card_to_the_activators_ownership
  stdout ───

    running 1 test
    test dandan_hand_entry_ownership::v5_haunted_fengraf_returns_the_pile_card_to_the_activators_ownership ... FAILED

    failures:

    failures:
        dandan_hand_entry_ownership::v5_haunted_fengraf_returns_the_pile_card_to_the_activators_ownership

    test result: FAILED. 0 passed; 1 failed; 0 ignored; 0 measured; 9432 filtered out; finished in 2.81s

  stderr ───

    thread 'dandan_hand_entry_ownership::v5_haunted_fengraf_returns_the_pile_card_to_the_activators_ownership' (277493) panicked at crates/engine/src/game/zones.rs:1589:14:
    ordinary zone transition must install its resolved core: OwnerMismatch { expected: PlayerId(1), found: PlayerId(0) }
    note: run with `RUST_BACKTRACE=1` environment variable to display a backtrace

        FAIL [   2.830s] (20/22) phase-engine::integration dandan_hand_entry_ownership::v7_seek_puts_the_found_card_into_the_seekers_hand
  stdout ───

    running 1 test
    test dandan_hand_entry_ownership::v7_seek_puts_the_found_card_into_the_seekers_hand ... FAILED

    failures:

    failures:
        dandan_hand_entry_ownership::v7_seek_puts_the_found_card_into_the_seekers_hand

    test result: FAILED. 0 passed; 1 failed; 0 ignored; 0 measured; 9432 filtered out; finished in 2.81s

  stderr ───

    thread 'dandan_hand_entry_ownership::v7_seek_puts_the_found_card_into_the_seekers_hand' (277496) panicked at crates/engine/src/game/zones.rs:1589:14:
    ordinary zone transition must install its resolved core: OwnerMismatch { expected: PlayerId(1), found: PlayerId(0) }
    note: run with `RUST_BACKTRACE=1` environment variable to display a backtrace

        FAIL [   2.847s] (21/22) phase-engine::integration dandan_hand_entry_ownership::v7_explore_puts_a_revealed_land_into_the_explorers_hand
  stdout ───

    running 1 test
    test dandan_hand_entry_ownership::v7_explore_puts_a_revealed_land_into_the_explorers_hand ... FAILED

    failures:

    failures:
        dandan_hand_entry_ownership::v7_explore_puts_a_revealed_land_into_the_explorers_hand

    test result: FAILED. 0 passed; 1 failed; 0 ignored; 0 measured; 9432 filtered out; finished in 2.83s

  stderr ───

    thread 'dandan_hand_entry_ownership::v7_explore_puts_a_revealed_land_into_the_explorers_hand' (277497) panicked at crates/engine/src/game/zones.rs:1589:14:
    ordinary zone transition must install its resolved core: OwnerMismatch { expected: PlayerId(1), found: PlayerId(0) }
    note: run with `RUST_BACKTRACE=1` environment variable to display a backtrace

        FAIL [   2.862s] (22/22) phase-engine::integration dandan_hand_entry_ownership::v6_a_stolen_drawn_creature_returns_to_the_drawers_hand
  stdout ───

    running 1 test
    test dandan_hand_entry_ownership::v6_a_stolen_drawn_creature_returns_to_the_drawers_hand ... FAILED

    failures:

    failures:
        dandan_hand_entry_ownership::v6_a_stolen_drawn_creature_returns_to_the_drawers_hand

    test result: FAILED. 0 passed; 1 failed; 0 ignored; 0 measured; 9432 filtered out; finished in 2.84s

  stderr ───

    thread 'dandan_hand_entry_ownership::v6_a_stolen_drawn_creature_returns_to_the_drawers_hand' (277498) panicked at crates/engine/src/game/zones.rs:1589:14:
    ordinary zone transition must install its resolved core: OwnerMismatch { expected: PlayerId(1), found: PlayerId(0) }
    note: run with `RUST_BACKTRACE=1` environment variable to display a backtrace

────────────
     Summary [   2.932s] 22 tests run: 4 passed, 18 failed, 32626 skipped
        FAIL [   0.034s] ( 3/22) phase-engine game::zones::hand_entry_rebind_tests::the_replay_precondition_is_the_pre_rebind_owner
        FAIL [   0.034s] ( 4/22) phase-engine game::zone_pipeline::hand_entry_receiver_tests::a_card_redirected_to_command_keeps_its_owner
        FAIL [   0.041s] ( 5/22) phase-engine game::zones::hand_entry_rebind_tests::the_journal_validator_accepts_the_rebind_and_refuses_each_malformed_form
        FAIL [   0.041s] ( 6/22) phase-engine game::zone_pipeline::hand_entry_receiver_tests::declining_the_redirect_delivers_both_members_to_the_taker
        FAIL [   0.041s] ( 7/22) phase-engine game::zones::hand_entry_rebind_tests::replaying_the_command_reproduces_the_live_rebind
        FAIL [   0.041s] ( 8/22) phase-engine game::zones::hand_entry_rebind_tests::a_later_zone_change_does_not_resurrect_the_old_owner_as_controller
        FAIL [   0.044s] ( 9/22) phase-engine game::zones::hand_entry_rebind_tests::an_unrebound_command_omits_the_field_and_old_saves_default_it
        FAIL [   0.044s] (10/22) phase-engine game::zone_pipeline::hand_entry_receiver_tests::the_hand_entry_axis_gates_the_rebind
        FAIL [   0.054s] (11/22) phase-engine game::zone_pipeline::hand_entry_receiver_tests::the_taker_survives_a_serialized_pause_and_a_redirect_clears_the_rebind
        FAIL [   2.268s] (12/22) phase-engine::integration dandan_hand_entry_ownership::v3_opening_deal_and_mulligan_redraw_belong_to_the_receiving_seat
        FAIL [   2.706s] (13/22) phase-engine::integration dandan_hand_entry_ownership::v4_telling_time_puts_the_kept_card_into_the_receivers_hand
        FAIL [   2.769s] (14/22) phase-engine::integration dandan_hand_entry_ownership::v1_brainstorm_draw_from_the_pile_is_owned_by_the_drawer
        FAIL [   2.798s] (16/22) phase-engine::integration dandan_hand_entry_ownership::v2_a_drawn_land_is_played_by_the_drawer_and_sacrificed_into_the_pile
        FAIL [   2.784s] (18/22) phase-engine::integration dandan_hand_entry_ownership::v8_every_card_in_a_hand_is_owned_by_its_holder_after_mixed_flows
        FAIL [   2.832s] (19/22) phase-engine::integration dandan_hand_entry_ownership::v5_haunted_fengraf_returns_the_pile_card_to_the_activators_ownership
        FAIL [   2.830s] (20/22) phase-engine::integration dandan_hand_entry_ownership::v7_seek_puts_the_found_card_into_the_seekers_hand
        FAIL [   2.847s] (21/22) phase-engine::integration dandan_hand_entry_ownership::v7_explore_puts_a_revealed_land_into_the_explorers_hand
        FAIL [   2.862s] (22/22) phase-engine::integration dandan_hand_entry_ownership::v6_a_stolen_drawn_creature_returns_to_the_drawers_hand
error: test run failed
