cargo-isolate: CARGO_HOME=/home/lgray/vibe-coding/.cargo-homes/wt-dandan
   Compiling phase-engine v0.102.0 (/home/lgray/vibe-coding/dandan-run/wt-dandan/crates/engine)
warning: unused variable: `to`
    --> crates/engine/src/game/zone_pipeline.rs:3503:5
     |
3503 |     to: Zone,
     |     ^^ help: if this is intentional, prefix it with an underscore: `_to`
     |
     = note: `#[warn(unused_variables)]` (part of `#[warn(unused)]`) on by default

warning: `phase-engine` (lib) generated 1 warning (run `cargo fix --lib -p phase-engine` to apply 1 suggestion)
warning: unused import: `GameScenario`
 --> crates/engine/tests/integration/dandan_hand_entry_ownership.rs:8:42
  |
8 | use engine::game::scenario::{GameRunner, GameScenario, P0, P1};
  |                                          ^^^^^^^^^^^^
  |
  = note: `#[warn(unused_imports)]` (part of `#[warn(unused)]`) on by default

warning: `phase-engine` (test "integration") generated 1 warning (run `cargo fix --test "integration" -p phase-engine` to apply 1 suggestion)
warning: `phase-engine` (lib test) generated 1 warning (1 duplicate)
    Finished `test` profile [unoptimized + debuginfo] target(s) in 4m 12s
────────────
 Nextest run ID ead3198d-5b0f-4445-8841-07a9dc833b8b with nextest profile: default
    Starting 22 tests across 2 binaries (32626 tests skipped)
        PASS [   0.076s] ( 1/22) phase-engine game::zones::hand_entry_rebind_tests::an_unrebound_command_omits_the_field_and_old_saves_default_it
        PASS [   0.098s] ( 2/22) phase-engine game::zones::hand_entry_rebind_tests::the_replay_precondition_is_the_pre_rebind_owner
        PASS [   0.108s] ( 3/22) phase-engine game::zones::hand_entry_rebind_tests::replaying_the_command_reproduces_the_live_rebind
        FAIL [   0.101s] ( 4/22) phase-engine game::zone_pipeline::hand_entry_receiver_tests::a_card_redirected_to_command_keeps_its_owner
  stdout ───

    running 1 test
    test game::zone_pipeline::hand_entry_receiver_tests::a_card_redirected_to_command_keeps_its_owner ... FAILED

    failures:

    failures:
        game::zone_pipeline::hand_entry_receiver_tests::a_card_redirected_to_command_keeps_its_owner

    test result: FAILED. 0 passed; 1 failed; 0 ignored; 0 measured; 23214 filtered out; finished in 0.02s

  stderr ───

    thread 'game::zone_pipeline::hand_entry_receiver_tests::a_card_redirected_to_command_keeps_its_owner' (241572) panicked at crates/engine/src/game/zone_pipeline.rs:7234:9:
    assertion `left == right` failed: reach: the control rebinds
      left: PlayerId(0)
     right: PlayerId(1)
    note: run with `RUST_BACKTRACE=1` environment variable to display a backtrace

        PASS [   0.112s] ( 5/22) phase-engine game::zone_pipeline::hand_entry_receiver_tests::a_taker_who_already_owns_the_card_journals_no_rebind
        PASS [   0.139s] ( 6/22) phase-engine game::zones::hand_entry_rebind_tests::the_journal_validator_accepts_the_rebind_and_refuses_each_malformed_form
        PASS [   0.147s] ( 7/22) phase-engine game::zone_pipeline::hand_entry_receiver_tests::a_card_leaving_a_per_seat_zone_keeps_its_owner
        FAIL [   0.156s] ( 8/22) phase-engine game::zone_pipeline::hand_entry_receiver_tests::the_hand_entry_axis_gates_the_rebind
  stdout ───

    running 1 test
    test game::zone_pipeline::hand_entry_receiver_tests::the_hand_entry_axis_gates_the_rebind ... FAILED

    failures:

    failures:
        game::zone_pipeline::hand_entry_receiver_tests::the_hand_entry_axis_gates_the_rebind

    test result: FAILED. 0 passed; 1 failed; 0 ignored; 0 measured; 23214 filtered out; finished in 0.07s

  stderr ───

    thread 'game::zone_pipeline::hand_entry_receiver_tests::the_hand_entry_axis_gates_the_rebind' (241570) panicked at crates/engine/src/game/zone_pipeline.rs:7160:9:
    ObjectId(1)
    note: run with `RUST_BACKTRACE=1` environment variable to display a backtrace

        FAIL [   0.161s] ( 9/22) phase-engine game::zone_pipeline::hand_entry_receiver_tests::declining_the_redirect_delivers_both_members_to_the_taker
  stdout ───

    running 1 test
    test game::zone_pipeline::hand_entry_receiver_tests::declining_the_redirect_delivers_both_members_to_the_taker ... FAILED

    failures:

    failures:
        game::zone_pipeline::hand_entry_receiver_tests::declining_the_redirect_delivers_both_members_to_the_taker

    test result: FAILED. 0 passed; 1 failed; 0 ignored; 0 measured; 23214 filtered out; finished in 0.06s

  stderr ───

    thread 'game::zone_pipeline::hand_entry_receiver_tests::declining_the_redirect_delivers_both_members_to_the_taker' (241574) panicked at crates/engine/src/game/zone_pipeline.rs:7323:9:
    assertion failed: state.players[1].hand.contains(&first)
    note: run with `RUST_BACKTRACE=1` environment variable to display a backtrace

        FAIL [   0.168s] (10/22) phase-engine game::zone_pipeline::hand_entry_receiver_tests::the_taker_survives_a_serialized_pause_and_a_redirect_clears_the_rebind
  stdout ───

    running 1 test
    test game::zone_pipeline::hand_entry_receiver_tests::the_taker_survives_a_serialized_pause_and_a_redirect_clears_the_rebind ... FAILED

    failures:

    failures:
        game::zone_pipeline::hand_entry_receiver_tests::the_taker_survives_a_serialized_pause_and_a_redirect_clears_the_rebind

    test result: FAILED. 0 passed; 1 failed; 0 ignored; 0 measured; 23214 filtered out; finished in 0.06s

  stderr ───

    thread 'game::zone_pipeline::hand_entry_receiver_tests::the_taker_survives_a_serialized_pause_and_a_redirect_clears_the_rebind' (241573) panicked at crates/engine/src/game/zone_pipeline.rs:7160:9:
    ObjectId(2)
    note: run with `RUST_BACKTRACE=1` environment variable to display a backtrace

        PASS [   0.187s] (11/22) phase-engine game::zones::hand_entry_rebind_tests::a_later_zone_change_does_not_resurrect_the_old_owner_as_controller
        PASS [   5.674s] (12/22) phase-engine::integration dandan_hand_entry_ownership::v4b_dig_to_exile_does_not_name_a_performer
        FAIL [   5.656s] (13/22) phase-engine::integration dandan_hand_entry_ownership::v8_every_card_in_a_hand_is_owned_by_its_holder_after_mixed_flows
  stdout ───

    running 1 test
    test dandan_hand_entry_ownership::v8_every_card_in_a_hand_is_owned_by_its_holder_after_mixed_flows ... FAILED

    failures:

    failures:
        dandan_hand_entry_ownership::v8_every_card_in_a_hand_is_owned_by_its_holder_after_mixed_flows

    test result: FAILED. 0 passed; 1 failed; 0 ignored; 0 measured; 9432 filtered out; finished in 5.59s

  stderr ───

    thread 'dandan_hand_entry_ownership::v8_every_card_in_a_hand_is_owned_by_its_holder_after_mixed_flows' (241591) panicked at crates/engine/tests/integration/dandan_hand_entry_ownership.rs:475:5:
    reach: P1 holds cards the pile staged under P0
    note: run with `RUST_BACKTRACE=1` environment variable to display a backtrace

        PASS [   6.159s] (14/22) phase-engine::integration dandan_hand_entry_ownership::v1_brainstorm_from_the_pile_holder_and_in_standard_are_unchanged
        FAIL [   6.775s] (15/22) phase-engine::integration dandan_hand_entry_ownership::v1_brainstorm_draw_from_the_pile_is_owned_by_the_drawer
  stdout ───

    running 1 test
    test dandan_hand_entry_ownership::v1_brainstorm_draw_from_the_pile_is_owned_by_the_drawer ... FAILED

    failures:

    failures:
        dandan_hand_entry_ownership::v1_brainstorm_draw_from_the_pile_is_owned_by_the_drawer

    test result: FAILED. 0 passed; 1 failed; 0 ignored; 0 measured; 9432 filtered out; finished in 6.67s

  stderr ───

    thread 'dandan_hand_entry_ownership::v1_brainstorm_draw_from_the_pile_is_owned_by_the_drawer' (241566) panicked at crates/engine/tests/integration/dandan_hand_entry_ownership.rs:38:9:
    assertion `left == right` failed: the card kept in hand: ObjectId(1) is in exactly PlayerId(1)'s hand (checked PlayerId(0))
      left: true
     right: false
    note: run with `RUST_BACKTRACE=1` environment variable to display a backtrace

        FAIL [   6.800s] (16/22) phase-engine::integration dandan_hand_entry_ownership::v6_a_stolen_drawn_creature_returns_to_the_drawers_hand
  stdout ───

    running 1 test
    test dandan_hand_entry_ownership::v6_a_stolen_drawn_creature_returns_to_the_drawers_hand ... FAILED

    failures:

    failures:
        dandan_hand_entry_ownership::v6_a_stolen_drawn_creature_returns_to_the_drawers_hand

    test result: FAILED. 0 passed; 1 failed; 0 ignored; 0 measured; 9432 filtered out; finished in 6.71s

  stderr ───

    thread 'dandan_hand_entry_ownership::v6_a_stolen_drawn_creature_returns_to_the_drawers_hand' (241589) panicked at crates/engine/tests/integration/dandan_hand_entry_ownership.rs:38:9:
    assertion `left == right` failed: drawn: ObjectId(1) is in exactly PlayerId(1)'s hand (checked PlayerId(0))
      left: true
     right: false
    note: run with `RUST_BACKTRACE=1` environment variable to display a backtrace

        FAIL [   6.877s] (17/22) phase-engine::integration dandan_hand_entry_ownership::v7_seek_puts_the_found_card_into_the_seekers_hand
  stdout ───

    running 1 test
    test dandan_hand_entry_ownership::v7_seek_puts_the_found_card_into_the_seekers_hand ... FAILED

    failures:

    failures:
        dandan_hand_entry_ownership::v7_seek_puts_the_found_card_into_the_seekers_hand

    test result: FAILED. 0 passed; 1 failed; 0 ignored; 0 measured; 9432 filtered out; finished in 6.80s

  stderr ───

    thread 'dandan_hand_entry_ownership::v7_seek_puts_the_found_card_into_the_seekers_hand' (241587) panicked at crates/engine/tests/integration/dandan_hand_entry_ownership.rs:38:9:
    assertion `left == right` failed: the sought land: ObjectId(2) is in exactly PlayerId(1)'s hand (checked PlayerId(0))
      left: true
     right: false
    note: run with `RUST_BACKTRACE=1` environment variable to display a backtrace

        FAIL [   7.044s] (18/22) phase-engine::integration dandan_hand_entry_ownership::v4_telling_time_puts_the_kept_card_into_the_receivers_hand
  stdout ───

    running 1 test
    test dandan_hand_entry_ownership::v4_telling_time_puts_the_kept_card_into_the_receivers_hand ... FAILED

    failures:

    failures:
        dandan_hand_entry_ownership::v4_telling_time_puts_the_kept_card_into_the_receivers_hand

    test result: FAILED. 0 passed; 1 failed; 0 ignored; 0 measured; 9432 filtered out; finished in 6.94s

  stderr ───

    thread 'dandan_hand_entry_ownership::v4_telling_time_puts_the_kept_card_into_the_receivers_hand' (241569) panicked at crates/engine/tests/integration/dandan_hand_entry_ownership.rs:38:9:
    assertion `left == right` failed: PlayerId(1) kept: ObjectId(1) is in exactly PlayerId(1)'s hand (checked PlayerId(0))
      left: true
     right: false
    note: run with `RUST_BACKTRACE=1` environment variable to display a backtrace

        FAIL [   7.126s] (19/22) phase-engine::integration dandan_hand_entry_ownership::v7_explore_puts_a_revealed_land_into_the_explorers_hand
  stdout ───

    running 1 test
    test dandan_hand_entry_ownership::v7_explore_puts_a_revealed_land_into_the_explorers_hand ... FAILED

    failures:

    failures:
        dandan_hand_entry_ownership::v7_explore_puts_a_revealed_land_into_the_explorers_hand

    test result: FAILED. 0 passed; 1 failed; 0 ignored; 0 measured; 9432 filtered out; finished in 7.04s

  stderr ───

    thread 'dandan_hand_entry_ownership::v7_explore_puts_a_revealed_land_into_the_explorers_hand' (241590) panicked at crates/engine/tests/integration/dandan_hand_entry_ownership.rs:38:9:
    assertion `left == right` failed: first explore: ObjectId(1) is in exactly PlayerId(1)'s hand (checked PlayerId(0))
      left: true
     right: false
    note: run with `RUST_BACKTRACE=1` environment variable to display a backtrace

        FAIL [   7.543s] (20/22) phase-engine::integration dandan_hand_entry_ownership::v2_a_drawn_land_is_played_by_the_drawer_and_sacrificed_into_the_pile
  stdout ───

    running 1 test
    test dandan_hand_entry_ownership::v2_a_drawn_land_is_played_by_the_drawer_and_sacrificed_into_the_pile ... FAILED

    failures:

    failures:
        dandan_hand_entry_ownership::v2_a_drawn_land_is_played_by_the_drawer_and_sacrificed_into_the_pile

    test result: FAILED. 0 passed; 1 failed; 0 ignored; 0 measured; 9432 filtered out; finished in 7.47s

  stderr ───

    thread 'dandan_hand_entry_ownership::v2_a_drawn_land_is_played_by_the_drawer_and_sacrificed_into_the_pile' (241562) panicked at crates/engine/tests/integration/dandan_hand_entry_ownership.rs:38:9:
    assertion `left == right` failed: the cycled-into land: ObjectId(1) is in exactly PlayerId(1)'s hand (checked PlayerId(0))
      left: true
     right: false
    note: run with `RUST_BACKTRACE=1` environment variable to display a backtrace

        FAIL [   7.457s] (21/22) phase-engine::integration dandan_hand_entry_ownership::v5_haunted_fengraf_returns_the_pile_card_to_the_activators_ownership
  stdout ───

    running 1 test
    test dandan_hand_entry_ownership::v5_haunted_fengraf_returns_the_pile_card_to_the_activators_ownership ... FAILED

    failures:

    failures:
        dandan_hand_entry_ownership::v5_haunted_fengraf_returns_the_pile_card_to_the_activators_ownership

    test result: FAILED. 0 passed; 1 failed; 0 ignored; 0 measured; 9432 filtered out; finished in 7.37s

  stderr ───

    thread 'dandan_hand_entry_ownership::v5_haunted_fengraf_returns_the_pile_card_to_the_activators_ownership' (241588) panicked at crates/engine/tests/integration/dandan_hand_entry_ownership.rs:38:9:
    assertion `left == right` failed: PlayerId(1) Fengraf: ObjectId(2) is in exactly PlayerId(1)'s hand (checked PlayerId(0))
      left: true
     right: false
    note: run with `RUST_BACKTRACE=1` environment variable to display a backtrace

        FAIL [   8.308s] (22/22) phase-engine::integration dandan_hand_entry_ownership::v3_opening_deal_and_mulligan_redraw_belong_to_the_receiving_seat
  stdout ───

    running 1 test
    test dandan_hand_entry_ownership::v3_opening_deal_and_mulligan_redraw_belong_to_the_receiving_seat ... FAILED

    failures:

    failures:
        dandan_hand_entry_ownership::v3_opening_deal_and_mulligan_redraw_belong_to_the_receiving_seat

    test result: FAILED. 0 passed; 1 failed; 0 ignored; 0 measured; 9432 filtered out; finished in 8.24s

  stderr ───

    thread 'dandan_hand_entry_ownership::v3_opening_deal_and_mulligan_redraw_belong_to_the_receiving_seat' (241563) panicked at crates/engine/tests/integration/dandan_hand_entry_ownership.rs:232:9:
    assertion `left == right` failed: PlayerId(0): reach: a seven-card hand
      left: 14
     right: 7
    note: run with `RUST_BACKTRACE=1` environment variable to display a backtrace

────────────
     Summary [   8.379s] 22 tests run: 9 passed, 13 failed, 32626 skipped
        FAIL [   0.101s] ( 4/22) phase-engine game::zone_pipeline::hand_entry_receiver_tests::a_card_redirected_to_command_keeps_its_owner
        FAIL [   0.156s] ( 8/22) phase-engine game::zone_pipeline::hand_entry_receiver_tests::the_hand_entry_axis_gates_the_rebind
        FAIL [   0.161s] ( 9/22) phase-engine game::zone_pipeline::hand_entry_receiver_tests::declining_the_redirect_delivers_both_members_to_the_taker
        FAIL [   0.168s] (10/22) phase-engine game::zone_pipeline::hand_entry_receiver_tests::the_taker_survives_a_serialized_pause_and_a_redirect_clears_the_rebind
        FAIL [   5.656s] (13/22) phase-engine::integration dandan_hand_entry_ownership::v8_every_card_in_a_hand_is_owned_by_its_holder_after_mixed_flows
        FAIL [   6.775s] (15/22) phase-engine::integration dandan_hand_entry_ownership::v1_brainstorm_draw_from_the_pile_is_owned_by_the_drawer
        FAIL [   6.800s] (16/22) phase-engine::integration dandan_hand_entry_ownership::v6_a_stolen_drawn_creature_returns_to_the_drawers_hand
        FAIL [   6.877s] (17/22) phase-engine::integration dandan_hand_entry_ownership::v7_seek_puts_the_found_card_into_the_seekers_hand
        FAIL [   7.044s] (18/22) phase-engine::integration dandan_hand_entry_ownership::v4_telling_time_puts_the_kept_card_into_the_receivers_hand
        FAIL [   7.126s] (19/22) phase-engine::integration dandan_hand_entry_ownership::v7_explore_puts_a_revealed_land_into_the_explorers_hand
        FAIL [   7.543s] (20/22) phase-engine::integration dandan_hand_entry_ownership::v2_a_drawn_land_is_played_by_the_drawer_and_sacrificed_into_the_pile
        FAIL [   7.457s] (21/22) phase-engine::integration dandan_hand_entry_ownership::v5_haunted_fengraf_returns_the_pile_card_to_the_activators_ownership
        FAIL [   8.308s] (22/22) phase-engine::integration dandan_hand_entry_ownership::v3_opening_deal_and_mulligan_redraw_belong_to_the_receiving_seat
error: test run failed
