cargo-isolate: CARGO_HOME=/home/lgray/vibe-coding/.cargo-homes/wt-dandan
   Compiling phase-engine v0.102.0 (/home/lgray/vibe-coding/dandan-run/wt-dandan/crates/engine)
warning: unused import: `GameScenario`
 --> crates/engine/tests/integration/dandan_hand_entry_ownership.rs:8:42
  |
8 | use engine::game::scenario::{GameRunner, GameScenario, P0, P1};
  |                                          ^^^^^^^^^^^^
  |
  = note: `#[warn(unused_imports)]` (part of `#[warn(unused)]`) on by default

warning: `phase-engine` (test "integration") generated 1 warning (run `cargo fix --test "integration" -p phase-engine` to apply 1 suggestion)
    Finished `test` profile [unoptimized + debuginfo] target(s) in 2m 14s
────────────
 Nextest run ID a3cbab6e-ae74-4cf4-b14b-0113b5074b2c with nextest profile: default
    Starting 22 tests across 2 binaries (32626 tests skipped)
        PASS [   0.026s] ( 1/22) phase-engine game::zone_pipeline::hand_entry_receiver_tests::a_card_redirected_to_command_keeps_its_owner
        PASS [   0.036s] ( 2/22) phase-engine game::zones::hand_entry_rebind_tests::the_replay_precondition_is_the_pre_rebind_owner
        PASS [   0.042s] ( 3/22) phase-engine game::zones::hand_entry_rebind_tests::replaying_the_command_reproduces_the_live_rebind
        PASS [   0.045s] ( 4/22) phase-engine game::zone_pipeline::hand_entry_receiver_tests::a_taker_who_already_owns_the_card_journals_no_rebind
        PASS [   0.045s] ( 5/22) phase-engine game::zones::hand_entry_rebind_tests::an_unrebound_command_omits_the_field_and_old_saves_default_it
        PASS [   0.058s] ( 6/22) phase-engine game::zone_pipeline::hand_entry_receiver_tests::declining_the_redirect_delivers_both_members_to_the_taker
        PASS [   0.087s] ( 7/22) phase-engine game::zone_pipeline::hand_entry_receiver_tests::the_taker_survives_a_serialized_pause_and_a_redirect_clears_the_rebind
        PASS [   0.087s] ( 8/22) phase-engine game::zones::hand_entry_rebind_tests::a_later_zone_change_does_not_resurrect_the_old_owner_as_controller
        FAIL [   0.114s] ( 9/22) phase-engine game::zones::hand_entry_rebind_tests::the_journal_validator_accepts_the_rebind_and_refuses_each_malformed_form
  stdout ───

    running 1 test
    test game::zones::hand_entry_rebind_tests::the_journal_validator_accepts_the_rebind_and_refuses_each_malformed_form ... FAILED

    failures:

    failures:
        game::zones::hand_entry_rebind_tests::the_journal_validator_accepts_the_rebind_and_refuses_each_malformed_form

    test result: FAILED. 0 passed; 1 failed; 0 ignored; 0 measured; 23214 filtered out; finished in 0.03s

  stderr ───

    thread 'game::zones::hand_entry_rebind_tests::the_journal_validator_accepts_the_rebind_and_refuses_each_malformed_form' (286806) panicked at crates/engine/src/game/zones.rs:5768:9:
    reach: the well-formed rebind validates
    note: run with `RUST_BACKTRACE=1` environment variable to display a backtrace

        PASS [   0.133s] (10/22) phase-engine game::zone_pipeline::hand_entry_receiver_tests::the_hand_entry_axis_gates_the_rebind
        PASS [   0.185s] (11/22) phase-engine game::zone_pipeline::hand_entry_receiver_tests::a_card_leaving_a_per_seat_zone_keeps_its_owner
        FAIL [   4.402s] (12/22) phase-engine::integration dandan_hand_entry_ownership::v5_haunted_fengraf_returns_the_pile_card_to_the_activators_ownership
  stdout ───

    running 1 test
    test dandan_hand_entry_ownership::v5_haunted_fengraf_returns_the_pile_card_to_the_activators_ownership ... FAILED

    failures:

    failures:
        dandan_hand_entry_ownership::v5_haunted_fengraf_returns_the_pile_card_to_the_activators_ownership

    test result: FAILED. 0 passed; 1 failed; 0 ignored; 0 measured; 9432 filtered out; finished in 4.32s

  stderr ───

    thread 'dandan_hand_entry_ownership::v5_haunted_fengraf_returns_the_pile_card_to_the_activators_ownership' (286813) panicked at crates/engine/tests/integration/dandan_hand_entry_ownership.rs:54:5:
    assertion `left == right` failed: PlayerId(1) Fengraf: arrival record owner
      left: PlayerId(0)
     right: PlayerId(1)
    note: run with `RUST_BACKTRACE=1` environment variable to display a backtrace

        FAIL [   4.420s] (13/22) phase-engine::integration dandan_hand_entry_ownership::v6_a_stolen_drawn_creature_returns_to_the_drawers_hand
  stdout ───

    running 1 test
    test dandan_hand_entry_ownership::v6_a_stolen_drawn_creature_returns_to_the_drawers_hand ... FAILED

    failures:

    failures:
        dandan_hand_entry_ownership::v6_a_stolen_drawn_creature_returns_to_the_drawers_hand

    test result: FAILED. 0 passed; 1 failed; 0 ignored; 0 measured; 9432 filtered out; finished in 4.35s

  stderr ───

    thread 'dandan_hand_entry_ownership::v6_a_stolen_drawn_creature_returns_to_the_drawers_hand' (286807) panicked at crates/engine/tests/integration/dandan_hand_entry_ownership.rs:54:5:
    assertion `left == right` failed: drawn: arrival record owner
      left: PlayerId(0)
     right: PlayerId(1)
    note: run with `RUST_BACKTRACE=1` environment variable to display a backtrace

        FAIL [   4.464s] (14/22) phase-engine::integration dandan_hand_entry_ownership::v2_a_drawn_land_is_played_by_the_drawer_and_sacrificed_into_the_pile
  stdout ───

    running 1 test
    test dandan_hand_entry_ownership::v2_a_drawn_land_is_played_by_the_drawer_and_sacrificed_into_the_pile ... FAILED

    failures:

    failures:
        dandan_hand_entry_ownership::v2_a_drawn_land_is_played_by_the_drawer_and_sacrificed_into_the_pile

    test result: FAILED. 0 passed; 1 failed; 0 ignored; 0 measured; 9432 filtered out; finished in 4.40s

  stderr ───

    thread 'dandan_hand_entry_ownership::v2_a_drawn_land_is_played_by_the_drawer_and_sacrificed_into_the_pile' (286798) panicked at crates/engine/tests/integration/dandan_hand_entry_ownership.rs:54:5:
    assertion `left == right` failed: the cycled-into land: arrival record owner
      left: PlayerId(0)
     right: PlayerId(1)
    note: run with `RUST_BACKTRACE=1` environment variable to display a backtrace

        FAIL [   4.451s] (15/22) phase-engine::integration dandan_hand_entry_ownership::v7_seek_puts_the_found_card_into_the_seekers_hand
  stdout ───

    running 1 test
    test dandan_hand_entry_ownership::v7_seek_puts_the_found_card_into_the_seekers_hand ... FAILED

    failures:

    failures:
        dandan_hand_entry_ownership::v7_seek_puts_the_found_card_into_the_seekers_hand

    test result: FAILED. 0 passed; 1 failed; 0 ignored; 0 measured; 9432 filtered out; finished in 4.37s

  stderr ───

    thread 'dandan_hand_entry_ownership::v7_seek_puts_the_found_card_into_the_seekers_hand' (286810) panicked at crates/engine/tests/integration/dandan_hand_entry_ownership.rs:54:5:
    assertion `left == right` failed: the sought land: arrival record owner
      left: PlayerId(0)
     right: PlayerId(1)
    note: run with `RUST_BACKTRACE=1` environment variable to display a backtrace

        FAIL [   4.539s] (16/22) phase-engine::integration dandan_hand_entry_ownership::v1_brainstorm_draw_from_the_pile_is_owned_by_the_drawer
  stdout ───

    running 1 test
    test dandan_hand_entry_ownership::v1_brainstorm_draw_from_the_pile_is_owned_by_the_drawer ... FAILED

    failures:

    failures:
        dandan_hand_entry_ownership::v1_brainstorm_draw_from_the_pile_is_owned_by_the_drawer

    test result: FAILED. 0 passed; 1 failed; 0 ignored; 0 measured; 9432 filtered out; finished in 4.47s

  stderr ───

    thread 'dandan_hand_entry_ownership::v1_brainstorm_draw_from_the_pile_is_owned_by_the_drawer' (286796) panicked at crates/engine/tests/integration/dandan_hand_entry_ownership.rs:54:5:
    assertion `left == right` failed: the card kept in hand: arrival record owner
      left: PlayerId(0)
     right: PlayerId(1)
    note: run with `RUST_BACKTRACE=1` environment variable to display a backtrace

        PASS [   4.578s] (17/22) phase-engine::integration dandan_hand_entry_ownership::v1_brainstorm_from_the_pile_holder_and_in_standard_are_unchanged
        FAIL [   4.591s] (18/22) phase-engine::integration dandan_hand_entry_ownership::v4_telling_time_puts_the_kept_card_into_the_receivers_hand
  stdout ───

    running 1 test
    test dandan_hand_entry_ownership::v4_telling_time_puts_the_kept_card_into_the_receivers_hand ... FAILED

    failures:

    failures:
        dandan_hand_entry_ownership::v4_telling_time_puts_the_kept_card_into_the_receivers_hand

    test result: FAILED. 0 passed; 1 failed; 0 ignored; 0 measured; 9432 filtered out; finished in 4.48s

  stderr ───

    thread 'dandan_hand_entry_ownership::v4_telling_time_puts_the_kept_card_into_the_receivers_hand' (286811) panicked at crates/engine/tests/integration/dandan_hand_entry_ownership.rs:54:5:
    assertion `left == right` failed: PlayerId(1) kept: arrival record owner
      left: PlayerId(0)
     right: PlayerId(1)
    note: run with `RUST_BACKTRACE=1` environment variable to display a backtrace

        PASS [   4.626s] (19/22) phase-engine::integration dandan_hand_entry_ownership::v4b_dig_to_exile_does_not_name_a_performer
        PASS [   4.681s] (20/22) phase-engine::integration dandan_hand_entry_ownership::v3_opening_deal_and_mulligan_redraw_belong_to_the_receiving_seat
        FAIL [   4.817s] (21/22) phase-engine::integration dandan_hand_entry_ownership::v7_explore_puts_a_revealed_land_into_the_explorers_hand
  stdout ───

    running 1 test
    test dandan_hand_entry_ownership::v7_explore_puts_a_revealed_land_into_the_explorers_hand ... FAILED

    failures:

    failures:
        dandan_hand_entry_ownership::v7_explore_puts_a_revealed_land_into_the_explorers_hand

    test result: FAILED. 0 passed; 1 failed; 0 ignored; 0 measured; 9432 filtered out; finished in 4.76s

  stderr ───

    thread 'dandan_hand_entry_ownership::v7_explore_puts_a_revealed_land_into_the_explorers_hand' (286809) panicked at crates/engine/tests/integration/dandan_hand_entry_ownership.rs:54:5:
    assertion `left == right` failed: first explore: arrival record owner
      left: PlayerId(0)
     right: PlayerId(1)
    note: run with `RUST_BACKTRACE=1` environment variable to display a backtrace

        PASS [   5.019s] (22/22) phase-engine::integration dandan_hand_entry_ownership::v8_every_card_in_a_hand_is_owned_by_its_holder_after_mixed_flows
────────────
     Summary [   5.125s] 22 tests run: 14 passed, 8 failed, 32626 skipped
        FAIL [   0.114s] ( 9/22) phase-engine game::zones::hand_entry_rebind_tests::the_journal_validator_accepts_the_rebind_and_refuses_each_malformed_form
        FAIL [   4.402s] (12/22) phase-engine::integration dandan_hand_entry_ownership::v5_haunted_fengraf_returns_the_pile_card_to_the_activators_ownership
        FAIL [   4.420s] (13/22) phase-engine::integration dandan_hand_entry_ownership::v6_a_stolen_drawn_creature_returns_to_the_drawers_hand
        FAIL [   4.464s] (14/22) phase-engine::integration dandan_hand_entry_ownership::v2_a_drawn_land_is_played_by_the_drawer_and_sacrificed_into_the_pile
        FAIL [   4.451s] (15/22) phase-engine::integration dandan_hand_entry_ownership::v7_seek_puts_the_found_card_into_the_seekers_hand
        FAIL [   4.539s] (16/22) phase-engine::integration dandan_hand_entry_ownership::v1_brainstorm_draw_from_the_pile_is_owned_by_the_drawer
        FAIL [   4.591s] (18/22) phase-engine::integration dandan_hand_entry_ownership::v4_telling_time_puts_the_kept_card_into_the_receivers_hand
        FAIL [   4.817s] (21/22) phase-engine::integration dandan_hand_entry_ownership::v7_explore_puts_a_revealed_land_into_the_explorers_hand
error: test run failed
