cargo-isolate: CARGO_HOME=/home/lgray/vibe-coding/.cargo-homes/wt-dandan
   Compiling phase-engine v0.102.0 (/home/lgray/vibe-coding/dandan-run/wt-dandan/crates/engine)
warning: function `install_rebound_owner` is never used
    --> crates/engine/src/game/zones.rs:1090:4
     |
1090 | fn install_rebound_owner(object: &mut crate::game::game_object::GameObject, owner: PlayerId) {
     |    ^^^^^^^^^^^^^^^^^^^^^
     |
     = note: `#[warn(dead_code)]` (part of `#[warn(unused)]`) on by default

warning: `phase-engine` (lib) generated 1 warning
warning: unused import: `GameScenario`
 --> crates/engine/tests/integration/dandan_hand_entry_ownership.rs:8:42
  |
8 | use engine::game::scenario::{GameRunner, GameScenario, P0, P1};
  |                                          ^^^^^^^^^^^^
  |
  = note: `#[warn(unused_imports)]` (part of `#[warn(unused)]`) on by default

warning: `phase-engine` (test "integration") generated 1 warning (run `cargo fix --test "integration" -p phase-engine` to apply 1 suggestion)
warning: `phase-engine` (lib test) generated 1 warning (1 duplicate)
    Finished `test` profile [unoptimized + debuginfo] target(s) in 2m 08s
────────────
 Nextest run ID cecc37d2-3306-467b-b5aa-02ad1dfc8cb7 with nextest profile: default
    Starting 22 tests across 2 binaries (32626 tests skipped)
        FAIL [   0.040s] ( 1/22) phase-engine game::zone_pipeline::hand_entry_receiver_tests::the_hand_entry_axis_gates_the_rebind
  stdout ───

    running 1 test
    test game::zone_pipeline::hand_entry_receiver_tests::the_hand_entry_axis_gates_the_rebind ... FAILED

    failures:

    failures:
        game::zone_pipeline::hand_entry_receiver_tests::the_hand_entry_axis_gates_the_rebind

    test result: FAILED. 0 passed; 1 failed; 0 ignored; 0 measured; 23214 filtered out; finished in 0.01s

  stderr ───

    thread 'game::zone_pipeline::hand_entry_receiver_tests::the_hand_entry_axis_gates_the_rebind' (280682) panicked at crates/engine/src/game/zone_pipeline.rs:7165:9:
    assertion `left == right` failed
      left: PlayerId(0)
     right: PlayerId(1)
    note: run with `RUST_BACKTRACE=1` environment variable to display a backtrace

        PASS [   0.046s] ( 2/22) phase-engine game::zones::hand_entry_rebind_tests::the_replay_precondition_is_the_pre_rebind_owner
        PASS [   0.046s] ( 3/22) phase-engine game::zone_pipeline::hand_entry_receiver_tests::a_card_leaving_a_per_seat_zone_keeps_its_owner
        FAIL [   0.040s] ( 4/22) phase-engine game::zones::hand_entry_rebind_tests::a_later_zone_change_does_not_resurrect_the_old_owner_as_controller
  stdout ───

    running 1 test
    test game::zones::hand_entry_rebind_tests::a_later_zone_change_does_not_resurrect_the_old_owner_as_controller ... FAILED

    failures:

    failures:
        game::zones::hand_entry_rebind_tests::a_later_zone_change_does_not_resurrect_the_old_owner_as_controller

    test result: FAILED. 0 passed; 1 failed; 0 ignored; 0 measured; 23214 filtered out; finished in 0.01s

  stderr ───

    thread 'game::zones::hand_entry_rebind_tests::a_later_zone_change_does_not_resurrect_the_old_owner_as_controller' (280690) panicked at crates/engine/src/game/zones.rs:5759:9:
    assertion `left == right` failed
      left: PlayerId(0)
     right: PlayerId(1)
    note: run with `RUST_BACKTRACE=1` environment variable to display a backtrace

        PASS [   0.046s] ( 5/22) phase-engine game::zone_pipeline::hand_entry_receiver_tests::a_taker_who_already_owns_the_card_journals_no_rebind
        FAIL [   0.046s] ( 6/22) phase-engine game::zone_pipeline::hand_entry_receiver_tests::a_card_redirected_to_command_keeps_its_owner
  stdout ───

    running 1 test
    test game::zone_pipeline::hand_entry_receiver_tests::a_card_redirected_to_command_keeps_its_owner ... FAILED

    failures:

    failures:
        game::zone_pipeline::hand_entry_receiver_tests::a_card_redirected_to_command_keeps_its_owner

    test result: FAILED. 0 passed; 1 failed; 0 ignored; 0 measured; 23214 filtered out; finished in 0.01s

  stderr ───

    thread 'game::zone_pipeline::hand_entry_receiver_tests::a_card_redirected_to_command_keeps_its_owner' (280684) panicked at crates/engine/src/game/zone_pipeline.rs:7234:9:
    assertion `left == right` failed: reach: the control rebinds
      left: PlayerId(0)
     right: PlayerId(1)
    note: run with `RUST_BACKTRACE=1` environment variable to display a backtrace

        PASS [   0.055s] ( 7/22) phase-engine game::zones::hand_entry_rebind_tests::the_journal_validator_accepts_the_rebind_and_refuses_each_malformed_form
        FAIL [   0.056s] ( 8/22) phase-engine game::zones::hand_entry_rebind_tests::replaying_the_command_reproduces_the_live_rebind
  stdout ───

    running 1 test
    test game::zones::hand_entry_rebind_tests::replaying_the_command_reproduces_the_live_rebind ... FAILED

    failures:

    failures:
        game::zones::hand_entry_rebind_tests::replaying_the_command_reproduces_the_live_rebind

    test result: FAILED. 0 passed; 1 failed; 0 ignored; 0 measured; 23214 filtered out; finished in 0.01s

  stderr ───

    thread 'game::zones::hand_entry_rebind_tests::replaying_the_command_reproduces_the_live_rebind' (280693) panicked at crates/engine/src/game/zones.rs:5726:13:
    assertion `left == right` failed
      left: PlayerId(0)
     right: PlayerId(1)
    note: run with `RUST_BACKTRACE=1` environment variable to display a backtrace

        PASS [   0.050s] ( 9/22) phase-engine game::zones::hand_entry_rebind_tests::an_unrebound_command_omits_the_field_and_old_saves_default_it
        PASS [   0.068s] (10/22) phase-engine game::zone_pipeline::hand_entry_receiver_tests::declining_the_redirect_delivers_both_members_to_the_taker
        FAIL [   0.072s] (11/22) phase-engine game::zone_pipeline::hand_entry_receiver_tests::the_taker_survives_a_serialized_pause_and_a_redirect_clears_the_rebind
  stdout ───

    running 1 test
    test game::zone_pipeline::hand_entry_receiver_tests::the_taker_survives_a_serialized_pause_and_a_redirect_clears_the_rebind ... FAILED

    failures:

    failures:
        game::zone_pipeline::hand_entry_receiver_tests::the_taker_survives_a_serialized_pause_and_a_redirect_clears_the_rebind

    test result: FAILED. 0 passed; 1 failed; 0 ignored; 0 measured; 23214 filtered out; finished in 0.02s

  stderr ───

    thread 'game::zone_pipeline::hand_entry_receiver_tests::the_taker_survives_a_serialized_pause_and_a_redirect_clears_the_rebind' (280688) panicked at crates/engine/src/game/zone_pipeline.rs:7165:9:
    assertion `left == right` failed
      left: PlayerId(0)
     right: PlayerId(1)
    note: run with `RUST_BACKTRACE=1` environment variable to display a backtrace

        FAIL [   2.840s] (12/22) phase-engine::integration dandan_hand_entry_ownership::v6_a_stolen_drawn_creature_returns_to_the_drawers_hand
  stdout ───

    running 1 test
    test dandan_hand_entry_ownership::v6_a_stolen_drawn_creature_returns_to_the_drawers_hand ... FAILED

    failures:

    failures:
        dandan_hand_entry_ownership::v6_a_stolen_drawn_creature_returns_to_the_drawers_hand

    test result: FAILED. 0 passed; 1 failed; 0 ignored; 0 measured; 9432 filtered out; finished in 2.80s

  stderr ───

    thread 'dandan_hand_entry_ownership::v6_a_stolen_drawn_creature_returns_to_the_drawers_hand' (280705) panicked at crates/engine/tests/integration/dandan_hand_entry_ownership.rs:46:5:
    assertion `left == right` failed: drawn: owner
      left: PlayerId(0)
     right: PlayerId(1)
    note: run with `RUST_BACKTRACE=1` environment variable to display a backtrace

        FAIL [   2.844s] (13/22) phase-engine::integration dandan_hand_entry_ownership::v8_every_card_in_a_hand_is_owned_by_its_holder_after_mixed_flows
  stdout ───

    running 1 test
    test dandan_hand_entry_ownership::v8_every_card_in_a_hand_is_owned_by_its_holder_after_mixed_flows ... FAILED

    failures:

    failures:
        dandan_hand_entry_ownership::v8_every_card_in_a_hand_is_owned_by_its_holder_after_mixed_flows

    test result: FAILED. 0 passed; 1 failed; 0 ignored; 0 measured; 9432 filtered out; finished in 2.81s

  stderr ───

    thread 'dandan_hand_entry_ownership::v8_every_card_in_a_hand_is_owned_by_its_holder_after_mixed_flows' (280704) panicked at crates/engine/tests/integration/dandan_hand_entry_ownership.rs:481:13:
    assertion `left == right` failed: PlayerId(1) holds ObjectId(1)
      left: PlayerId(0)
     right: PlayerId(1)
    note: run with `RUST_BACKTRACE=1` environment variable to display a backtrace

        FAIL [   2.929s] (14/22) phase-engine::integration dandan_hand_entry_ownership::v3_opening_deal_and_mulligan_redraw_belong_to_the_receiving_seat
  stdout ───

    running 1 test
    test dandan_hand_entry_ownership::v3_opening_deal_and_mulligan_redraw_belong_to_the_receiving_seat ... FAILED

    failures:

    failures:
        dandan_hand_entry_ownership::v3_opening_deal_and_mulligan_redraw_belong_to_the_receiving_seat

    test result: FAILED. 0 passed; 1 failed; 0 ignored; 0 measured; 9432 filtered out; finished in 2.90s

  stderr ───

    thread 'dandan_hand_entry_ownership::v3_opening_deal_and_mulligan_redraw_belong_to_the_receiving_seat' (280681) panicked at crates/engine/tests/integration/dandan_hand_entry_ownership.rs:234:13:
    assertion `left == right` failed: PlayerId(1): dealt card owner
      left: PlayerId(0)
     right: PlayerId(1)
    note: run with `RUST_BACKTRACE=1` environment variable to display a backtrace

        FAIL [   2.992s] (15/22) phase-engine::integration dandan_hand_entry_ownership::v2_a_drawn_land_is_played_by_the_drawer_and_sacrificed_into_the_pile
  stdout ───

    running 1 test
    test dandan_hand_entry_ownership::v2_a_drawn_land_is_played_by_the_drawer_and_sacrificed_into_the_pile ... FAILED

    failures:

    failures:
        dandan_hand_entry_ownership::v2_a_drawn_land_is_played_by_the_drawer_and_sacrificed_into_the_pile

    test result: FAILED. 0 passed; 1 failed; 0 ignored; 0 measured; 9432 filtered out; finished in 2.95s

  stderr ───

    thread 'dandan_hand_entry_ownership::v2_a_drawn_land_is_played_by_the_drawer_and_sacrificed_into_the_pile' (280687) panicked at crates/engine/tests/integration/dandan_hand_entry_ownership.rs:46:5:
    assertion `left == right` failed: the cycled-into land: owner
      left: PlayerId(0)
     right: PlayerId(1)
    note: run with `RUST_BACKTRACE=1` environment variable to display a backtrace

        FAIL [   2.965s] (16/22) phase-engine::integration dandan_hand_entry_ownership::v7_explore_puts_a_revealed_land_into_the_explorers_hand
  stdout ───

    running 1 test
    test dandan_hand_entry_ownership::v7_explore_puts_a_revealed_land_into_the_explorers_hand ... FAILED

    failures:

    failures:
        dandan_hand_entry_ownership::v7_explore_puts_a_revealed_land_into_the_explorers_hand

    test result: FAILED. 0 passed; 1 failed; 0 ignored; 0 measured; 9432 filtered out; finished in 2.93s

  stderr ───

    thread 'dandan_hand_entry_ownership::v7_explore_puts_a_revealed_land_into_the_explorers_hand' (280703) panicked at crates/engine/tests/integration/dandan_hand_entry_ownership.rs:46:5:
    assertion `left == right` failed: first explore: owner
      left: PlayerId(0)
     right: PlayerId(1)
    note: run with `RUST_BACKTRACE=1` environment variable to display a backtrace

        FAIL [   2.971s] (17/22) phase-engine::integration dandan_hand_entry_ownership::v7_seek_puts_the_found_card_into_the_seekers_hand
  stdout ───

    running 1 test
    test dandan_hand_entry_ownership::v7_seek_puts_the_found_card_into_the_seekers_hand ... FAILED

    failures:

    failures:
        dandan_hand_entry_ownership::v7_seek_puts_the_found_card_into_the_seekers_hand

    test result: FAILED. 0 passed; 1 failed; 0 ignored; 0 measured; 9432 filtered out; finished in 2.93s

  stderr ───

    thread 'dandan_hand_entry_ownership::v7_seek_puts_the_found_card_into_the_seekers_hand' (280706) panicked at crates/engine/tests/integration/dandan_hand_entry_ownership.rs:46:5:
    assertion `left == right` failed: the sought land: owner
      left: PlayerId(0)
     right: PlayerId(1)
    note: run with `RUST_BACKTRACE=1` environment variable to display a backtrace

        FAIL [   3.030s] (18/22) phase-engine::integration dandan_hand_entry_ownership::v4_telling_time_puts_the_kept_card_into_the_receivers_hand
  stdout ───

    running 1 test
    test dandan_hand_entry_ownership::v4_telling_time_puts_the_kept_card_into_the_receivers_hand ... FAILED

    failures:

    failures:
        dandan_hand_entry_ownership::v4_telling_time_puts_the_kept_card_into_the_receivers_hand

    test result: FAILED. 0 passed; 1 failed; 0 ignored; 0 measured; 9432 filtered out; finished in 2.99s

  stderr ───

    thread 'dandan_hand_entry_ownership::v4_telling_time_puts_the_kept_card_into_the_receivers_hand' (280685) panicked at crates/engine/tests/integration/dandan_hand_entry_ownership.rs:46:5:
    assertion `left == right` failed: PlayerId(1) kept: owner
      left: PlayerId(0)
     right: PlayerId(1)
    note: run with `RUST_BACKTRACE=1` environment variable to display a backtrace

        FAIL [   3.050s] (19/22) phase-engine::integration dandan_hand_entry_ownership::v1_brainstorm_draw_from_the_pile_is_owned_by_the_drawer
  stdout ───

    running 1 test
    test dandan_hand_entry_ownership::v1_brainstorm_draw_from_the_pile_is_owned_by_the_drawer ... FAILED

    failures:

    failures:
        dandan_hand_entry_ownership::v1_brainstorm_draw_from_the_pile_is_owned_by_the_drawer

    test result: FAILED. 0 passed; 1 failed; 0 ignored; 0 measured; 9432 filtered out; finished in 3.00s

  stderr ───

    thread 'dandan_hand_entry_ownership::v1_brainstorm_draw_from_the_pile_is_owned_by_the_drawer' (280695) panicked at crates/engine/tests/integration/dandan_hand_entry_ownership.rs:46:5:
    assertion `left == right` failed: the card kept in hand: owner
      left: PlayerId(0)
     right: PlayerId(1)
    note: run with `RUST_BACKTRACE=1` environment variable to display a backtrace

        FAIL [   3.061s] (20/22) phase-engine::integration dandan_hand_entry_ownership::v5_haunted_fengraf_returns_the_pile_card_to_the_activators_ownership
  stdout ───

    running 1 test
    test dandan_hand_entry_ownership::v5_haunted_fengraf_returns_the_pile_card_to_the_activators_ownership ... FAILED

    failures:

    failures:
        dandan_hand_entry_ownership::v5_haunted_fengraf_returns_the_pile_card_to_the_activators_ownership

    test result: FAILED. 0 passed; 1 failed; 0 ignored; 0 measured; 9432 filtered out; finished in 3.03s

  stderr ───

    thread 'dandan_hand_entry_ownership::v5_haunted_fengraf_returns_the_pile_card_to_the_activators_ownership' (280702) panicked at crates/engine/tests/integration/dandan_hand_entry_ownership.rs:46:5:
    assertion `left == right` failed: PlayerId(1) Fengraf: owner
      left: PlayerId(0)
     right: PlayerId(1)
    note: run with `RUST_BACKTRACE=1` environment variable to display a backtrace

        PASS [   3.088s] (21/22) phase-engine::integration dandan_hand_entry_ownership::v4b_dig_to_exile_does_not_name_a_performer
        PASS [   3.178s] (22/22) phase-engine::integration dandan_hand_entry_ownership::v1_brainstorm_from_the_pile_holder_and_in_standard_are_unchanged
────────────
     Summary [   3.201s] 22 tests run: 8 passed, 14 failed, 32626 skipped
        FAIL [   0.040s] ( 1/22) phase-engine game::zone_pipeline::hand_entry_receiver_tests::the_hand_entry_axis_gates_the_rebind
        FAIL [   0.040s] ( 4/22) phase-engine game::zones::hand_entry_rebind_tests::a_later_zone_change_does_not_resurrect_the_old_owner_as_controller
        FAIL [   0.046s] ( 6/22) phase-engine game::zone_pipeline::hand_entry_receiver_tests::a_card_redirected_to_command_keeps_its_owner
        FAIL [   0.056s] ( 8/22) phase-engine game::zones::hand_entry_rebind_tests::replaying_the_command_reproduces_the_live_rebind
        FAIL [   0.072s] (11/22) phase-engine game::zone_pipeline::hand_entry_receiver_tests::the_taker_survives_a_serialized_pause_and_a_redirect_clears_the_rebind
        FAIL [   2.840s] (12/22) phase-engine::integration dandan_hand_entry_ownership::v6_a_stolen_drawn_creature_returns_to_the_drawers_hand
        FAIL [   2.844s] (13/22) phase-engine::integration dandan_hand_entry_ownership::v8_every_card_in_a_hand_is_owned_by_its_holder_after_mixed_flows
        FAIL [   2.929s] (14/22) phase-engine::integration dandan_hand_entry_ownership::v3_opening_deal_and_mulligan_redraw_belong_to_the_receiving_seat
        FAIL [   2.992s] (15/22) phase-engine::integration dandan_hand_entry_ownership::v2_a_drawn_land_is_played_by_the_drawer_and_sacrificed_into_the_pile
        FAIL [   2.965s] (16/22) phase-engine::integration dandan_hand_entry_ownership::v7_explore_puts_a_revealed_land_into_the_explorers_hand
        FAIL [   2.971s] (17/22) phase-engine::integration dandan_hand_entry_ownership::v7_seek_puts_the_found_card_into_the_seekers_hand
        FAIL [   3.030s] (18/22) phase-engine::integration dandan_hand_entry_ownership::v4_telling_time_puts_the_kept_card_into_the_receivers_hand
        FAIL [   3.050s] (19/22) phase-engine::integration dandan_hand_entry_ownership::v1_brainstorm_draw_from_the_pile_is_owned_by_the_drawer
        FAIL [   3.061s] (20/22) phase-engine::integration dandan_hand_entry_ownership::v5_haunted_fengraf_returns_the_pile_card_to_the_activators_ownership
error: test run failed
