cargo-isolate: CARGO_HOME=/home/lgray/vibe-coding/.cargo-homes/wt-dandan
   Compiling phase-engine v0.102.0 (/home/lgray/vibe-coding/dandan-run/wt-dandan/crates/engine)
warning: unused variable: `drawer`
   --> crates/engine/src/game/zone_pipeline.rs:388:9
    |
388 |         drawer: PlayerId,
    |         ^^^^^^ help: if this is intentional, prefix it with an underscore: `_drawer`
    |
    = note: `#[warn(unused_variables)]` (part of `#[warn(unused)]`) on by default

warning: `phase-engine` (lib) generated 1 warning (run `cargo fix --lib -p phase-engine` to apply 1 suggestion)
warning: unused import: `GameScenario`
 --> crates/engine/tests/integration/dandan_hand_entry_ownership.rs:8:42
  |
8 | use engine::game::scenario::{GameRunner, GameScenario, P0, P1};
  |                                          ^^^^^^^^^^^^
  |
  = note: `#[warn(unused_imports)]` (part of `#[warn(unused)]`) on by default

warning: `phase-engine` (test "integration") generated 1 warning (run `cargo fix --test "integration" -p phase-engine` to apply 1 suggestion)
warning: `phase-engine` (lib test) generated 1 warning (1 duplicate)
    Finished `test` profile [unoptimized + debuginfo] target(s) in 2m 46s
────────────
 Nextest run ID 855668ba-67e4-418e-a737-2ff329033281 with nextest profile: default
    Starting 22 tests across 2 binaries (32626 tests skipped)
        PASS [   0.054s] ( 1/22) phase-engine game::zones::hand_entry_rebind_tests::an_unrebound_command_omits_the_field_and_old_saves_default_it
        PASS [   0.077s] ( 2/22) phase-engine game::zone_pipeline::hand_entry_receiver_tests::the_hand_entry_axis_gates_the_rebind
        PASS [   0.086s] ( 3/22) phase-engine game::zones::hand_entry_rebind_tests::a_later_zone_change_does_not_resurrect_the_old_owner_as_controller
        PASS [   0.093s] ( 4/22) phase-engine game::zones::hand_entry_rebind_tests::replaying_the_command_reproduces_the_live_rebind
        PASS [   0.104s] ( 5/22) phase-engine game::zone_pipeline::hand_entry_receiver_tests::a_card_leaving_a_per_seat_zone_keeps_its_owner
        PASS [   0.106s] ( 6/22) phase-engine game::zones::hand_entry_rebind_tests::the_replay_precondition_is_the_pre_rebind_owner
        PASS [   0.110s] ( 7/22) phase-engine game::zone_pipeline::hand_entry_receiver_tests::declining_the_redirect_delivers_both_members_to_the_taker
        PASS [   0.126s] ( 8/22) phase-engine game::zones::hand_entry_rebind_tests::the_journal_validator_accepts_the_rebind_and_refuses_each_malformed_form
        PASS [   0.132s] ( 9/22) phase-engine game::zone_pipeline::hand_entry_receiver_tests::a_card_redirected_to_command_keeps_its_owner
        PASS [   0.166s] (10/22) phase-engine game::zone_pipeline::hand_entry_receiver_tests::a_taker_who_already_owns_the_card_journals_no_rebind
        PASS [   0.194s] (11/22) phase-engine game::zone_pipeline::hand_entry_receiver_tests::the_taker_survives_a_serialized_pause_and_a_redirect_clears_the_rebind
        PASS [   4.355s] (12/22) phase-engine::integration dandan_hand_entry_ownership::v3_opening_deal_and_mulligan_redraw_belong_to_the_receiving_seat
        FAIL [   4.929s] (13/22) phase-engine::integration dandan_hand_entry_ownership::v6_a_stolen_drawn_creature_returns_to_the_drawers_hand
  stdout ───

    running 1 test
    test dandan_hand_entry_ownership::v6_a_stolen_drawn_creature_returns_to_the_drawers_hand ... FAILED

    failures:

    failures:
        dandan_hand_entry_ownership::v6_a_stolen_drawn_creature_returns_to_the_drawers_hand

    test result: FAILED. 0 passed; 1 failed; 0 ignored; 0 measured; 9432 filtered out; finished in 4.87s

  stderr ───

    thread 'dandan_hand_entry_ownership::v6_a_stolen_drawn_creature_returns_to_the_drawers_hand' (185637) panicked at crates/engine/tests/integration/dandan_hand_entry_ownership.rs:38:9:
    assertion `left == right` failed: drawn: ObjectId(1) is in exactly PlayerId(1)'s hand (checked PlayerId(0))
      left: true
     right: false
    note: run with `RUST_BACKTRACE=1` environment variable to display a backtrace

        PASS [   5.045s] (14/22) phase-engine::integration dandan_hand_entry_ownership::v7_seek_puts_the_found_card_into_the_seekers_hand
        PASS [   5.153s] (15/22) phase-engine::integration dandan_hand_entry_ownership::v4_telling_time_puts_the_kept_card_into_the_receivers_hand
        PASS [   5.385s] (16/22) phase-engine::integration dandan_hand_entry_ownership::v1_brainstorm_from_the_pile_holder_and_in_standard_are_unchanged
        PASS [   5.471s] (17/22) phase-engine::integration dandan_hand_entry_ownership::v4b_dig_to_exile_does_not_name_a_performer
        FAIL [   5.707s] (18/22) phase-engine::integration dandan_hand_entry_ownership::v8_every_card_in_a_hand_is_owned_by_its_holder_after_mixed_flows
  stdout ───

    running 1 test
    test dandan_hand_entry_ownership::v8_every_card_in_a_hand_is_owned_by_its_holder_after_mixed_flows ... FAILED

    failures:

    failures:
        dandan_hand_entry_ownership::v8_every_card_in_a_hand_is_owned_by_its_holder_after_mixed_flows

    test result: FAILED. 0 passed; 1 failed; 0 ignored; 0 measured; 9432 filtered out; finished in 5.67s

  stderr ───

    thread 'dandan_hand_entry_ownership::v8_every_card_in_a_hand_is_owned_by_its_holder_after_mixed_flows' (185644) panicked at crates/engine/tests/integration/dandan_hand_entry_ownership.rs:475:5:
    reach: P1 holds cards the pile staged under P0
    note: run with `RUST_BACKTRACE=1` environment variable to display a backtrace

        FAIL [   6.024s] (19/22) phase-engine::integration dandan_hand_entry_ownership::v1_brainstorm_draw_from_the_pile_is_owned_by_the_drawer
  stdout ───

    running 1 test
    test dandan_hand_entry_ownership::v1_brainstorm_draw_from_the_pile_is_owned_by_the_drawer ... FAILED

    failures:

    failures:
        dandan_hand_entry_ownership::v1_brainstorm_draw_from_the_pile_is_owned_by_the_drawer

    test result: FAILED. 0 passed; 1 failed; 0 ignored; 0 measured; 9432 filtered out; finished in 5.98s

  stderr ───

    thread 'dandan_hand_entry_ownership::v1_brainstorm_draw_from_the_pile_is_owned_by_the_drawer' (185598) panicked at crates/engine/tests/integration/dandan_hand_entry_ownership.rs:38:9:
    assertion `left == right` failed: the card kept in hand: ObjectId(1) is in exactly PlayerId(1)'s hand (checked PlayerId(0))
      left: true
     right: false
    note: run with `RUST_BACKTRACE=1` environment variable to display a backtrace

        PASS [   6.021s] (20/22) phase-engine::integration dandan_hand_entry_ownership::v7_explore_puts_a_revealed_land_into_the_explorers_hand
        PASS [   6.051s] (21/22) phase-engine::integration dandan_hand_entry_ownership::v5_haunted_fengraf_returns_the_pile_card_to_the_activators_ownership
        FAIL [   6.292s] (22/22) phase-engine::integration dandan_hand_entry_ownership::v2_a_drawn_land_is_played_by_the_drawer_and_sacrificed_into_the_pile
  stdout ───

    running 1 test
    test dandan_hand_entry_ownership::v2_a_drawn_land_is_played_by_the_drawer_and_sacrificed_into_the_pile ... FAILED

    failures:

    failures:
        dandan_hand_entry_ownership::v2_a_drawn_land_is_played_by_the_drawer_and_sacrificed_into_the_pile

    test result: FAILED. 0 passed; 1 failed; 0 ignored; 0 measured; 9432 filtered out; finished in 6.22s

  stderr ───

    thread 'dandan_hand_entry_ownership::v2_a_drawn_land_is_played_by_the_drawer_and_sacrificed_into_the_pile' (185606) panicked at crates/engine/tests/integration/dandan_hand_entry_ownership.rs:38:9:
    assertion `left == right` failed: the cycled-into land: ObjectId(1) is in exactly PlayerId(1)'s hand (checked PlayerId(0))
      left: true
     right: false
    note: run with `RUST_BACKTRACE=1` environment variable to display a backtrace

────────────
     Summary [   6.332s] 22 tests run: 18 passed, 4 failed, 32626 skipped
        FAIL [   4.929s] (13/22) phase-engine::integration dandan_hand_entry_ownership::v6_a_stolen_drawn_creature_returns_to_the_drawers_hand
        FAIL [   5.707s] (18/22) phase-engine::integration dandan_hand_entry_ownership::v8_every_card_in_a_hand_is_owned_by_its_holder_after_mixed_flows
        FAIL [   6.024s] (19/22) phase-engine::integration dandan_hand_entry_ownership::v1_brainstorm_draw_from_the_pile_is_owned_by_the_drawer
        FAIL [   6.292s] (22/22) phase-engine::integration dandan_hand_entry_ownership::v2_a_drawn_land_is_played_by_the_drawer_and_sacrificed_into_the_pile
error: test run failed
